Archive member included to satisfy reference by file (symbol)

/home/techdude/devkitPro/libnds/lib/libnds9.a(keys.o)
                              main.o (scanKeys)
/home/techdude/devkitPro/libnds/lib/libnds9.a(console.o)
                              main.o (consoleDemoInit)
/home/techdude/devkitPro/libnds/lib/libnds9.a(system.o)
                              main.o (powerOn)
/home/techdude/devkitPro/libnds/lib/libnds9.a(video.o)
                              main.o (vramSetMainBanks)
/home/techdude/devkitPro/libnds/lib/libnds9.a(background.o)
                              /home/techdude/devkitPro/libnds/lib/libnds9.a(console.o) (bgState)
/home/techdude/devkitPro/libnds/lib/libnds9.a(securearea.o)
                              /home/techdude/devkitPro/devkitARM/bin/../lib/gcc/arm-none-eabi/7.1.0/../../../../arm-none-eabi/lib/thumb/ds_arm9_crt0.o (__secure_area__)
/home/techdude/devkitPro/libnds/lib/libnds9.a(initSystem.o)
                              /home/techdude/devkitPro/devkitARM/bin/../lib/gcc/arm-none-eabi/7.1.0/../../../../arm-none-eabi/lib/thumb/ds_arm9_crt0.o (initSystem)
/home/techdude/devkitPro/libnds/lib/libnds9.a(fifosystem.o)
                              /home/techdude/devkitPro/libnds/lib/libnds9.a(initSystem.o) (fifoSetValue32Handler)
/home/techdude/devkitPro/libnds/lib/libnds9.a(libnds_exit.arm.o)
                              /home/techdude/devkitPro/devkitARM/bin/../lib/gcc/arm-none-eabi/7.1.0/../../../../arm-none-eabi/lib/thumb/ds_arm9_crt0.o (__libnds_exit)
/home/techdude/devkitPro/libnds/lib/libnds9.a(interrupts.o)
                              /home/techdude/devkitPro/libnds/lib/libnds9.a(fifosystem.o) (irqSet)
/home/techdude/devkitPro/libnds/lib/libnds9.a(dcache.o)
                              sprites.o (DC_FlushAll)
/home/techdude/devkitPro/libnds/lib/libnds9.a(cpu_clock.o)
                              /home/techdude/devkitPro/libnds/lib/libnds9.a(initSystem.o) (setCpuClock)
/home/techdude/devkitPro/libnds/lib/libnds9.a(IntrWait.o)
                              /home/techdude/devkitPro/libnds/lib/libnds9.a(fifosystem.o) (swiIntrWait)
/home/techdude/devkitPro/libnds/lib/libnds9.a(mpu_setup.o)
                              /home/techdude/devkitPro/devkitARM/bin/../lib/gcc/arm-none-eabi/7.1.0/../../../../arm-none-eabi/lib/thumb/ds_arm9_crt0.o (__libnds_mpu_setup)
/home/techdude/devkitPro/libnds/lib/libnds9.a(swiSoftReset.o)
                              /home/techdude/devkitPro/libnds/lib/libnds9.a(fifosystem.o) (swiSoftReset)
/home/techdude/devkitPro/libnds/lib/libnds9.a(debugprint.o)
                              /home/techdude/devkitPro/libnds/lib/libnds9.a(console.o) (nocashWrite)
/home/techdude/devkitPro/libnds/lib/libnds9.a(biosCalls.o)
                              /home/techdude/devkitPro/libnds/lib/libnds9.a(system.o) (swiDelay)
/home/techdude/devkitPro/libnds/lib/libnds9.a(interruptDispatcher.o)
                              /home/techdude/devkitPro/libnds/lib/libnds9.a(interrupts.o) (IntrMain)
/home/techdude/devkitPro/libnds/lib/libnds9.a(default_font.bin.o)
                              /home/techdude/devkitPro/libnds/lib/libnds9.a(console.o) (default_font_bin)
/home/techdude/devkitPro/libnds/lib/libnds9.a(trig.o)
                              /home/techdude/devkitPro/libnds/lib/libnds9.a(background.o) (sinLerp)
/home/techdude/devkitPro/libnds/lib/libnds9.a(timeSupport.o)
                              /home/techdude/devkitPro/libnds/lib/libnds9.a(initSystem.o) (__libnds_gtod)
/home/techdude/devkitPro/devkitARM/bin/../lib/gcc/arm-none-eabi/7.1.0/thumb/libgcc.a(_divsi3.o)
                              /home/techdude/devkitPro/libnds/lib/libnds9.a(console.o) (__aeabi_idivmod)
/home/techdude/devkitPro/devkitARM/bin/../lib/gcc/arm-none-eabi/7.1.0/thumb/libgcc.a(_dvmd_tls.o)
                              /home/techdude/devkitPro/devkitARM/bin/../lib/gcc/arm-none-eabi/7.1.0/thumb/libgcc.a(_divsi3.o) (__aeabi_idiv0)
/home/techdude/devkitPro/devkitARM/bin/../lib/gcc/arm-none-eabi/7.1.0/../../../../arm-none-eabi/lib/thumb/libg.a(lib_a-bsearch.o)
                              /home/techdude/devkitPro/libnds/lib/libnds9.a(trig.o) (bsearch)
/home/techdude/devkitPro/devkitARM/bin/../lib/gcc/arm-none-eabi/7.1.0/../../../../arm-none-eabi/lib/thumb/libg.a(lib_a-init.o)
                              /home/techdude/devkitPro/devkitARM/bin/../lib/gcc/arm-none-eabi/7.1.0/../../../../arm-none-eabi/lib/thumb/ds_arm9_crt0.o (__libc_init_array)
/home/techdude/devkitPro/devkitARM/bin/../lib/gcc/arm-none-eabi/7.1.0/../../../../arm-none-eabi/lib/thumb/libg.a(lib_a-iprintf.o)
                              main.o (iprintf)
/home/techdude/devkitPro/devkitARM/bin/../lib/gcc/arm-none-eabi/7.1.0/../../../../arm-none-eabi/lib/thumb/libg.a(lib_a-memcpy-stub.o)
                              /home/techdude/devkitPro/libnds/lib/libnds9.a(console.o) (memcpy)
/home/techdude/devkitPro/devkitARM/bin/../lib/gcc/arm-none-eabi/7.1.0/../../../../arm-none-eabi/lib/thumb/libg.a(lib_a-memset.o)
[...]
Memory Configuration

Name             Origin             Length             Attributes
ewram            0x0000000002000000 0x0000000000380000
dtcm             0x000000000b000000 0x0000000000004000
vectors          0x0000000001000000 0x0000000000000100
itcm             0x0000000001000100 0x0000000000007f00
*default*        0x0000000000000000 0xffffffffffffffff

Linker script and memory map

                0x0000000002380000                __ewram_end = (ORIGIN (ewram) + LENGTH (ewram))
                0x0000000002380000                __eheap_end = (ORIGIN (ewram) + LENGTH (ewram))
                0x000000000b004000                __dtcm_top = (ORIGIN (dtcm) + LENGTH (dtcm))
                0x000000000b003ff8                __irq_flags = (__dtcm_top - 0x8)
                0x000000000b003ffc                __irq_vector = (__dtcm_top - 0x4)
                0x000000000b003f00                __sp_svc = (__dtcm_top - 0x100)
                0x000000000b003e00                __sp_irq = (__sp_svc - 0x100)
                0x000000000b003d00                __sp_usr = (__sp_irq - 0x100)

.secure         0x0000000002000000      0x800
 *(.secure)
 .secure        0x0000000002000000      0x800 /home/techdude/devkitPro/libnds/lib/libnds9.a(securearea.o)
                0x0000000002000000                __secure_area__

.crt0           0x0000000002000800      0x300
                0x0000000002000800                __text_start = .
 *(.crt0)
 .crt0          0x0000000002000800      0x300 /home/techdude/devkitPro/devkitARM/bin/../lib/gcc/arm-none-eabi/7.1.0/../../../../arm-none-eabi/lib/thumb/ds_arm9_crt0.o
                0x0000000002000800                _start
                0x0000000002000b00                . = ALIGN (0x4)

.plt
 *(.plt)

.init           0x0000000002000b00        0xc
 *(SORT(.init))
 .init          0x0000000002000b00        0x4 /home/techdude/devkitPro/devkitARM/bin/../lib/gcc/arm-none-eabi/7.1.0/thumb/crti.o
                0x0000000002000b00                _init
 .init          0x0000000002000b04        0x8 /home/techdude/devkitPro/devkitARM/bin/../lib/gcc/arm-none-eabi/7.1.0/thumb/crtn.o

.text           0x0000000002000b10     0xc608
 *(EXCLUDE_FILE(*.twl* *.vectors* *.itcm*) .text)
 .text          0x0000000002000b10      0x150 /home/techdude/devkitPro/devkitARM/bin/../lib/gcc/arm-none-eabi/7.1.0/thumb/libgcc.a(_divsi3.o)
                0x0000000002000b10                __aeabi_idiv
                0x0000000002000b10                __divsi3
                0x0000000002000c40                __aeabi_idivmod
 .text          0x0000000002000c60        0x4 /home/techdude/devkitPro/devkitARM/bin/../lib/gcc/arm-none-eabi/7.1.0/thumb/libgcc.a(_dvmd_tls.o)
                0x0000000002000c60                __aeabi_ldiv0
                0x0000000002000c60                __aeabi_idiv0
 .text          0x0000000002000c64      0x224 /home/techdude/devkitPro/devkitARM/bin/../lib/gcc/arm-none-eabi/7.1.0/../../../../arm-none-eabi/lib/thumb/libg.a(lib_a-strcmp.o)
                0x0000000002000c64                strcmp
 .text          0x0000000002000e88      0x11c /home/techdude/devkitPro/devkitARM/bin/../lib/gcc/arm-none-eabi/7.1.0/thumb/libgcc.a(_udivsi3.o)
                0x0000000002000e88                __udivsi3
                0x0000000002000e88                __aeabi_uidiv
                0x0000000002000f84                __aeabi_uidivmod
 .text          0x0000000002000fa4       0x3c /home/techdude/devkitPro/devkitARM/bin/../lib/gcc/arm-none-eabi/7.1.0/thumb/libgcc.a(_aeabi_uldivmod.o)
                0x0000000002000fa4                __aeabi_uldivmod
 .text          0x0000000002000fe0       0x28 /home/techdude/devkitPro/devkitARM/bin/../lib/gcc/arm-none-eabi/7.1.0/thumb/libgcc.a(_clzdi2.o)
                0x0000000002000fe0                __clzdi2
 .text          0x0000000002001008       0x48 /home/techdude/devkitPro/devkitARM/bin/../lib/gcc/arm-none-eabi/7.1.0/thumb/libgcc.a(_clzsi2.o)
                0x0000000002001008                __clzsi2
 *(EXCLUDE_FILE(*.twl* *.vectors* *.itcm*) .stub)
 *(EXCLUDE_FILE(*.twl* *.vectors* *.itcm*) .text.*)
 .text.deregister_tm_clones
                0x0000000002001050       0x2c /home/techdude/devkitPro/devkitARM/bin/../lib/gcc/arm-none-eabi/7.1.0/thumb/crtbegin.o
 .text.register_tm_clones
                0x000000000200107c       0x34 /home/techdude/devkitPro/devkitARM/bin/../lib/gcc/arm-none-eabi/7.1.0/thumb/crtbegin.o
 .text.__do_global_dtors_aux
                0x00000000020010b0       0x30 /home/techdude/devkitPro/devkitARM/bin/../lib/gcc/arm-none-eabi/7.1.0/thumb/crtbegin.o
 .text.frame_dummy
                0x00000000020010e0       0x28 /home/techdude/devkitPro/devkitARM/bin/../lib/gcc/arm-none-eabi/7.1.0/thumb/crtbegin.o
 .text.startup  0x0000000002001108       0xec main.o
                0x0000000002001108                main
 .text.scanKeys
                0x00000000020011f4       0x8c /home/techdude/devkitPro/libnds/lib/libnds9.a(keys.o)
                0x00000000020011f4                scanKeys
 .text.keysDown
                0x0000000002001280       0x14 /home/techdude/devkitPro/libnds/lib/libnds9.a(keys.o)
                0x0000000002001280                keysDown
 .text.newRow   0x0000000002001294       0xbc /home/techdude/devkitPro/libnds/lib/libnds9.a(console.o)
 .text.consolePrintChar
                0x0000000002001350       0xec /home/techdude/devkitPro/libnds/lib/libnds9.a(console.o)
                0x0000000002001350                consolePrintChar
 .text.consoleCls
                0x000000000200143c       0xec /home/techdude/devkitPro/libnds/lib/libnds9.a(console.o)
 .text.consoleLoadFont
                0x0000000002001528      0x270 /home/techdude/devkitPro/libnds/lib/libnds9.a(console.o)
                0x0000000002001528                consoleLoadFont
 .text.consoleInit
                0x0000000002001798      0x15c /home/techdude/devkitPro/libnds/lib/libnds9.a(console.o)
                0x0000000002001798                consoleInit
 .text.consoleDemoInit
                0x00000000020018f4       0x40 /home/techdude/devkitPro/libnds/lib/libnds9.a(console.o)
                0x00000000020018f4                consoleDemoInit
 .text.con_write
                0x0000000002001934      0x288 /home/techdude/devkitPro/libnds/lib/libnds9.a(console.o)
                0x0000000002001934                con_write
 .text.systemValueHandler
                0x0000000002001bbc       0x48 /home/techdude/devkitPro/libnds/lib/libnds9.a(system.o)
                0x0000000002001bbc                systemValueHandler
 .text.systemMsgHandler
                0x0000000002001c04       0x5c /home/techdude/devkitPro/libnds/lib/libnds9.a(system.o)
                0x0000000002001c04                systemMsgHandler
 .text.powerOn  0x0000000002001c60       0x2c /home/techdude/devkitPro/libnds/lib/libnds9.a(system.o)
                0x0000000002001c60                powerOn
 .text.vramSetPrimaryBanks
                0x0000000002001c8c       0x44 /home/techdude/devkitPro/libnds/lib/libnds9.a(video.o)
                0x0000000002001c8c                vramSetPrimaryBanks
 .text.vramSetMainBanks
                0x0000000002001cd0        0x8 /home/techdude/devkitPro/libnds/lib/libnds9.a(video.o)
                0x0000000002001cd0                vramSetMainBanks
 .text.vramDefault
                0x0000000002001cd8       0xd0 /home/techdude/devkitPro/libnds/lib/libnds9.a(video.o)
                0x0000000002001cd8                vramDefault
 .text.checkIfText.part.0
                0x0000000002001da8       0x3c /home/techdude/devkitPro/libnds/lib/libnds9.a(background.o)
 .text.bgUpdate
                0x0000000002001de4       0xec /home/techdude/devkitPro/libnds/lib/libnds9.a(background.o)
                0x0000000002001de4                bgUpdate
 .text.bgInit_call
                0x0000000002001ed0       0xbc /home/techdude/devkitPro/libnds/lib/libnds9.a(background.o)
                0x0000000002001ed0                bgInit_call
 .text.bgInitSub_call
                0x0000000002001f8c       0xc4 /home/techdude/devkitPro/libnds/lib/libnds9.a(background.o)
                0x0000000002001f8c                bgInitSub_call
 .text.initSystem
                0x0000000002002050      0x194 /home/techdude/devkitPro/libnds/lib/libnds9.a(initSystem.o)
                0x0000000002002050                initSystem
 .text.__timeoutvbl
                0x00000000020021e4       0x10 /home/techdude/devkitPro/libnds/lib/libnds9.a(fifosystem.o)
 .text.fifo_allocBlock.part.0
                0x00000000020021f4       0x34 /home/techdude/devkitPro/libnds/lib/libnds9.a(fifosystem.o)
 .text.fifo_waitBlock
                0x0000000002002228       0x48 /home/techdude/devkitPro/libnds/lib/libnds9.a(fifosystem.o)
 .text.fifo_queueBlock
                0x0000000002002270       0x44 /home/techdude/devkitPro/libnds/lib/libnds9.a(fifosystem.o)
 .text.fifoInternalSendInterrupt
                0x00000000020022b4       0xac /home/techdude/devkitPro/libnds/lib/libnds9.a(fifosystem.o)
 .text.fifoInternalSend.part.3
                0x0000000002002360       0xd4 /home/techdude/devkitPro/libnds/lib/libnds9.a(fifosystem.o)
 .text.fifoGetValue32.part.4
                0x0000000002002434       0x74 /home/techdude/devkitPro/libnds/lib/libnds9.a(fifosystem.o)
 .text.fifoSetValue32Handler
                0x00000000020024a8       0x74 /home/techdude/devkitPro/libnds/lib/libnds9.a(fifosystem.o)
                0x00000000020024a8                fifoSetValue32Handler
 .text.fifoSendValue32
                0x000000000200251c       0x4c /home/techdude/devkitPro/libnds/lib/libnds9.a(fifosystem.o)
                0x000000000200251c                fifoSendValue32
 .text.fifoGetDatamsg
                0x0000000002002568      0x140 /home/techdude/devkitPro/libnds/lib/libnds9.a(fifosystem.o)
                0x0000000002002568                fifoGetDatamsg
 .text.fifoInternalRecvInterrupt
                0x00000000020026a8      0x3a0 /home/techdude/devkitPro/libnds/lib/libnds9.a(fifosystem.o)
 .text.fifoSetDatamsgHandler
                0x0000000002002a48       0x9c /home/techdude/devkitPro/libnds/lib/libnds9.a(fifosystem.o)
                0x0000000002002a48                fifoSetDatamsgHandler
 .text.fifoInit
                0x0000000002002ae4      0x1cc /home/techdude/devkitPro/libnds/lib/libnds9.a(fifosystem.o)
                0x0000000002002ae4                fifoInit
 .text.systemErrorExit
                0x0000000002002cb0        0x4 /home/techdude/devkitPro/libnds/lib/libnds9.a(libnds_exit.arm.o)
                0x0000000002002cb0                systemErrorExit
 *fill*         0x0000000002002cb4        0x4 ff
 .text.__libnds_exit
                0x0000000002002cb8       0x5c /home/techdude/devkitPro/libnds/lib/libnds9.a(libnds_exit.arm.o)
                0x0000000002002cb8                __libnds_exit
 .text.irqDummy
                0x0000000002002d14        0x4 /home/techdude/devkitPro/libnds/lib/libnds9.a(interrupts.o)
                0x0000000002002d14                irqDummy
 .text.irqSet   0x0000000002002d18       0x6c /home/techdude/devkitPro/libnds/lib/libnds9.a(interrupts.o)
                0x0000000002002d18                irqSet
 .text.irqInit  0x0000000002002d84       0x50 /home/techdude/devkitPro/libnds/lib/libnds9.a(interrupts.o)
                0x0000000002002d84                irqInit
 .text.irqEnable
                0x0000000002002dd4       0x64 /home/techdude/devkitPro/libnds/lib/libnds9.a(interrupts.o)
                0x0000000002002dd4                irqEnable
 .text.irqDisable
                0x0000000002002e38       0x64 /home/techdude/devkitPro/libnds/lib/libnds9.a(interrupts.o)
                0x0000000002002e38                irqDisable
 .text.setCpuClock
                0x0000000002002e9c       0x50 /home/techdude/devkitPro/libnds/lib/libnds9.a(cpu_clock.o)
                0x0000000002002e9c                setCpuClock
 .text.swiIntrWait
                0x0000000002002eec       0x64 /home/techdude/devkitPro/libnds/lib/libnds9.a(IntrWait.o)
                0x0000000002002eec                swiIntrWait
 .text.__libnds_mpu_setup
                0x0000000002002f50      0x174 /home/techdude/devkitPro/libnds/lib/libnds9.a(mpu_setup.o)
                0x0000000002002f50                __libnds_mpu_setup
 .text.memUncached
                0x00000000020030c4       0x20 /home/techdude/devkitPro/libnds/lib/libnds9.a(mpu_setup.o)
                0x00000000020030c4                memUncached
 .text.swiSoftReset
                0x00000000020030e4       0x2c /home/techdude/devkitPro/libnds/lib/libnds9.a(swiSoftReset.o)
                0x00000000020030e4                swiSoftReset
 .text.swiDelay
                0x0000000002003110        0x4 /home/techdude/devkitPro/libnds/lib/libnds9.a(biosCalls.o)
                0x0000000002003110                swiDelay
 .text.sinLerp  0x0000000002003114       0xa0 /home/techdude/devkitPro/libnds/lib/libnds9.a(trig.o)
                0x0000000002003114                sinLerp
 .text.cosLerp  0x00000000020031b4       0x14 /home/techdude/devkitPro/libnds/lib/libnds9.a(trig.o)
                0x00000000020031b4                cosLerp
 .text.__libnds_gtod
                0x00000000020031c8       0x24 /home/techdude/devkitPro/libnds/lib/libnds9.a(timeSupport.o)
                0x00000000020031c8                __libnds_gtod
 .text.__libc_init_array
                0x00000000020031ec       0x54 /home/techdude/devkitPro/devkitARM/bin/../lib/gcc/arm-none-eabi/7.1.0/../../../../arm-none-eabi/lib/thumb/libg.a(lib_a-init.o)
                0x00000000020031ec                __libc_init_array
 .text.iprintf  0x0000000002003240       0x24 /home/techdude/devkitPro/devkitARM/bin/../lib/gcc/arm-none-eabi/7.1.0/../../../../arm-none-eabi/lib/thumb/libg.a(lib_a-iprintf.o)
                0x0000000002003240                iprintf
 .text.memcpy   0x0000000002003264       0x8c /home/techdude/devkitPro/devkitARM/bin/../lib/gcc/arm-none-eabi/7.1.0/../../../../arm-none-eabi/lib/thumb/libg.a(lib_a-memcpy-stub.o)
                0x0000000002003264                memcpy
 .text.memset   0x00000000020032f0       0xa4 /home/techdude/devkitPro/devkitARM/bin/../lib/gcc/arm-none-eabi/7.1.0/../../../../arm-none-eabi/lib/thumb/libg.a(lib_a-memset.o)
                0x00000000020032f0                memset
 .text.setvbuf  0x0000000002003394      0x194 /home/techdude/devkitPro/devkitARM/bin/../lib/gcc/arm-none-eabi/7.1.0/../../../../arm-none-eabi/lib/thumb/libg.a(lib_a-setvbuf.o)
                0x0000000002003394                setvbuf
 .text.siscanf  0x0000000002003528       0x4c /home/techdude/devkitPro/devkitARM/bin/../lib/gcc/arm-none-eabi/7.1.0/../../../../arm-none-eabi/lib/thumb/libg.a(lib_a-siscanf.o)
                0x0000000002003528                siscanf
 .text.__sread  0x0000000002003574       0x34 /home/techdude/devkitPro/devkitARM/bin/../lib/gcc/arm-none-eabi/7.1.0/../../../../arm-none-eabi/lib/thumb/libg.a(lib_a-stdio.o)
                0x0000000002003574                __sread
 .text.__seofread
                0x00000000020035a8        0x4 /home/techdude/devkitPro/devkitARM/bin/../lib/gcc/arm-none-eabi/7.1.0/../../../../arm-none-eabi/lib/thumb/libg.a(lib_a-stdio.o)
                0x00000000020035a8                __seofread
 .text.__swrite
                0x00000000020035ac       0x48 /home/techdude/devkitPro/devkitARM/bin/../lib/gcc/arm-none-eabi/7.1.0/../../../../arm-none-eabi/lib/thumb/libg.a(lib_a-stdio.o)
                0x00000000020035ac                __swrite
 .text.__sseek  0x00000000020035f4       0x40 /home/techdude/devkitPro/devkitARM/bin/../lib/gcc/arm-none-eabi/7.1.0/../../../../arm-none-eabi/lib/thumb/libg.a(lib_a-stdio.o)
                0x00000000020035f4                __sseek
 .text.__sclose
                0x0000000002003634       0x10 /home/techdude/devkitPro/devkitARM/bin/../lib/gcc/arm-none-eabi/7.1.0/../../../../arm-none-eabi/lib/thumb/libg.a(lib_a-stdio.o)
                0x0000000002003634                __sclose
 .text.strlen   0x0000000002003644       0x68 /home/techdude/devkitPro/devkitARM/bin/../lib/gcc/arm-none-eabi/7.1.0/../../../../arm-none-eabi/lib/thumb/libg.a(lib_a-strlen-stub.o)
                0x0000000002003644                strlen
 .text._sungetc_r
                0x00000000020036ac       0x88 /home/techdude/devkitPro/devkitARM/bin/../lib/gcc/arm-none-eabi/7.1.0/../../../../arm-none-eabi/lib/thumb/libg.a(lib_a-svfiscanf.o)
                0x00000000020036ac                _sungetc_r
 .text.__ssrefill_r
                0x0000000002003734       0x44 /home/techdude/devkitPro/devkitARM/bin/../lib/gcc/arm-none-eabi/7.1.0/../../../../arm-none-eabi/lib/thumb/libg.a(lib_a-svfiscanf.o)
                0x0000000002003734                __ssrefill_r
 .text._sfread_r
                0x0000000002003778       0x90 /home/techdude/devkitPro/devkitARM/bin/../lib/gcc/arm-none-eabi/7.1.0/../../../../arm-none-eabi/lib/thumb/libg.a(lib_a-svfiscanf.o)
                0x0000000002003778                _sfread_r
 .text.__ssvfiscanf_r
                0x0000000002003808     0x1344 /home/techdude/devkitPro/devkitARM/bin/../lib/gcc/arm-none-eabi/7.1.0/../../../../arm-none-eabi/lib/thumb/libg.a(lib_a-svfiscanf.o)
                0x0000000002003808                __ssvfiscanf_r
 .text.__submore
                0x0000000002004b4c       0x88 /home/techdude/devkitPro/devkitARM/bin/../lib/gcc/arm-none-eabi/7.1.0/../../../../arm-none-eabi/lib/thumb/libg.a(lib_a-ungetc.o)
                0x0000000002004b4c                __submore
 .text.get_arg  0x0000000002004bd4     0x3b24 /home/techdude/devkitPro/devkitARM/bin/../lib/gcc/arm-none-eabi/7.1.0/../../../../arm-none-eabi/lib/thumb/libg.a(lib_a-vfiprintf.o)
 .text.__sprint_r.part.0
                0x00000000020086f8       0x14 /home/techdude/devkitPro/devkitARM/bin/../lib/gcc/arm-none-eabi/7.1.0/../../../../arm-none-eabi/lib/thumb/libg.a(lib_a-vfiprintf.o)
 .text._vfiprintf_r
                0x000000000200870c     0x1c48 /home/techdude/devkitPro/devkitARM/bin/../lib/gcc/arm-none-eabi/7.1.0/../../../../arm-none-eabi/lib/thumb/libg.a(lib_a-vfiprintf.o)
                0x000000000200870c                _vfiprintf_r
 .text.__sbprintf
                0x000000000200a354       0x8c /home/techdude/devkitPro/devkitARM/bin/../lib/gcc/arm-none-eabi/7.1.0/../../../../arm-none-eabi/lib/thumb/libg.a(lib_a-vfiprintf.o)
 .text._wcrtomb_r
                0x000000000200a3e0       0x84 /home/techdude/devkitPro/devkitARM/bin/../lib/gcc/arm-none-eabi/7.1.0/../../../../arm-none-eabi/lib/thumb/libg.a(lib_a-wcrtomb.o)
                0x000000000200a3e0                _wcrtomb_r
 .text._wcsrtombs_r
                0x000000000200a464       0x1c /home/techdude/devkitPro/devkitARM/bin/../lib/gcc/arm-none-eabi/7.1.0/../../../../arm-none-eabi/lib/thumb/libg.a(lib_a-wcsrtombs.o)
                0x000000000200a464                _wcsrtombs_r
 .text.__swsetup_r
                0x000000000200a480       0xd8 /home/techdude/devkitPro/devkitARM/bin/../lib/gcc/arm-none-eabi/7.1.0/../../../../arm-none-eabi/lib/thumb/libg.a(lib_a-wsetup.o)
                0x000000000200a480                __swsetup_r
 .text.__sflush_r
                0x000000000200a558      0x19c /home/techdude/devkitPro/devkitARM/bin/../lib/gcc/arm-none-eabi/7.1.0/../../../../arm-none-eabi/lib/thumb/libg.a(lib_a-fflush.o)
                0x000000000200a558                __sflush_r
 .text._fflush_r
                0x000000000200a6f4       0x58 /home/techdude/devkitPro/devkitARM/bin/../lib/gcc/arm-none-eabi/7.1.0/../../../../arm-none-eabi/lib/thumb/libg.a(lib_a-fflush.o)
                0x000000000200a6f4                _fflush_r
 .text._cleanup_r
                0x000000000200a74c       0x14 /home/techdude/devkitPro/devkitARM/bin/../lib/gcc/arm-none-eabi/7.1.0/../../../../arm-none-eabi/lib/thumb/libg.a(lib_a-findfp.o)
                0x000000000200a74c                _cleanup_r
 .text.std.isra.0
                0x000000000200a760       0x54 /home/techdude/devkitPro/devkitARM/bin/../lib/gcc/arm-none-eabi/7.1.0/../../../../arm-none-eabi/lib/thumb/libg.a(lib_a-findfp.o)
 .text.__sinit  0x000000000200a7b4       0x64 /home/techdude/devkitPro/devkitARM/bin/../lib/gcc/arm-none-eabi/7.1.0/../../../../arm-none-eabi/lib/thumb/libg.a(lib_a-findfp.o)
                0x000000000200a7b4                __sinit
 .text.__sfp_lock_acquire
                0x000000000200a818       0x14 /home/techdude/devkitPro/devkitARM/bin/../lib/gcc/arm-none-eabi/7.1.0/../../../../arm-none-eabi/lib/thumb/libg.a(lib_a-findfp.o)
                0x000000000200a818                __sfp_lock_acquire
 .text.__sfp_lock_release
                0x000000000200a82c       0x14 /home/techdude/devkitPro/devkitARM/bin/../lib/gcc/arm-none-eabi/7.1.0/../../../../arm-none-eabi/lib/thumb/libg.a(lib_a-findfp.o)
                0x000000000200a82c                __sfp_lock_release
 .text._malloc_trim_r
                0x000000000200a840       0xa4 /home/techdude/devkitPro/devkitARM/bin/../lib/gcc/arm-none-eabi/7.1.0/../../../../arm-none-eabi/lib/thumb/libg.a(lib_a-freer.o)
                0x000000000200a840                _malloc_trim_r
 .text._free_r  0x000000000200a8e4      0x1d8 /home/techdude/devkitPro/devkitARM/bin/../lib/gcc/arm-none-eabi/7.1.0/../../../../arm-none-eabi/lib/thumb/libg.a(lib_a-freer.o)
                0x000000000200a8e4                _free_r
 .text.__sfvwrite_r
                0x000000000200aabc      0x328 /home/techdude/devkitPro/devkitARM/bin/../lib/gcc/arm-none-eabi/7.1.0/../../../../arm-none-eabi/lib/thumb/libg.a(lib_a-fvwrite.o)
                0x000000000200aabc                __sfvwrite_r
 .text._fwalk_reent
                0x000000000200ade4       0x54 /home/techdude/devkitPro/devkitARM/bin/../lib/gcc/arm-none-eabi/7.1.0/../../../../arm-none-eabi/lib/thumb/libg.a(lib_a-fwalk.o)
                0x000000000200ade4                _fwalk_reent
 .text.iswspace
                0x000000000200ae38       0x78 /home/techdude/devkitPro/devkitARM/bin/../lib/gcc/arm-none-eabi/7.1.0/../../../../arm-none-eabi/lib/thumb/libg.a(lib_a-iswspace.o)
                0x000000000200ae38                iswspace
 .text.__jp2uc  0x000000000200aeb0      0x1a0 /home/techdude/devkitPro/devkitARM/bin/../lib/gcc/arm-none-eabi/7.1.0/../../../../arm-none-eabi/lib/thumb/libg.a(lib_a-jp2uc.o)
 .text._jp2uc   0x000000000200b050       0x8c /home/techdude/devkitPro/devkitARM/bin/../lib/gcc/arm-none-eabi/7.1.0/../../../../arm-none-eabi/lib/thumb/libg.a(lib_a-jp2uc.o)
                0x000000000200b050                _jp2uc
 .text._localeconv_r
                0x000000000200b0dc       0x1c /home/techdude/devkitPro/devkitARM/bin/../lib/gcc/arm-none-eabi/7.1.0/../../../../arm-none-eabi/lib/thumb/libg.a(lib_a-localeconv.o)
                0x000000000200b0dc                _localeconv_r
 .text.__locale_mb_cur_max
                0x000000000200b0f8       0x20 /home/techdude/devkitPro/devkitARM/bin/../lib/gcc/arm-none-eabi/7.1.0/../../../../arm-none-eabi/lib/thumb/libg.a(lib_a-locale.o)
                0x000000000200b0f8                __locale_mb_cur_max
 .text.__locale_ctype_ptr_l
                0x000000000200b118        0x8 /home/techdude/devkitPro/devkitARM/bin/../lib/gcc/arm-none-eabi/7.1.0/../../../../arm-none-eabi/lib/thumb/libg.a(lib_a-locale.o)
                0x000000000200b118                __locale_ctype_ptr_l
 .text.__locale_ctype_ptr
                0x000000000200b120       0x1c /home/techdude/devkitPro/devkitARM/bin/../lib/gcc/arm-none-eabi/7.1.0/../../../../arm-none-eabi/lib/thumb/libg.a(lib_a-locale.o)
                0x000000000200b120                __locale_ctype_ptr
 .text.__swhatbuf_r
                0x000000000200b13c       0x64 /home/techdude/devkitPro/devkitARM/bin/../lib/gcc/arm-none-eabi/7.1.0/../../../../arm-none-eabi/lib/thumb/libg.a(lib_a-makebuf.o)
                0x000000000200b13c                __swhatbuf_r
 .text.__smakebuf_r
                0x000000000200b1a0       0x98 /home/techdude/devkitPro/devkitARM/bin/../lib/gcc/arm-none-eabi/7.1.0/../../../../arm-none-eabi/lib/thumb/libg.a(lib_a-makebuf.o)
                0x000000000200b1a0                __smakebuf_r
 .text.malloc   0x000000000200b238       0x14 /home/techdude/devkitPro/devkitARM/bin/../lib/gcc/arm-none-eabi/7.1.0/../../../../arm-none-eabi/lib/thumb/libg.a(lib_a-malloc.o)
                0x000000000200b238                malloc
 .text.free     0x000000000200b24c       0x14 /home/techdude/devkitPro/devkitARM/bin/../lib/gcc/arm-none-eabi/7.1.0/../../../../arm-none-eabi/lib/thumb/libg.a(lib_a-malloc.o)
                0x000000000200b24c                free
 .text._malloc_r
                0x000000000200b260      0x56c /home/techdude/devkitPro/devkitARM/bin/../lib/gcc/arm-none-eabi/7.1.0/../../../../arm-none-eabi/lib/thumb/libg.a(lib_a-mallocr.o)
                0x000000000200b260                _malloc_r
 .text._mbrtowc_r
                0x000000000200b7cc       0x94 /home/techdude/devkitPro/devkitARM/bin/../lib/gcc/arm-none-eabi/7.1.0/../../../../arm-none-eabi/lib/thumb/libg.a(lib_a-mbrtowc.o)
                0x000000000200b7cc                _mbrtowc_r
 .text.__utf8_mbtowc
                0x000000000200b860      0x28c /home/techdude/devkitPro/devkitARM/bin/../lib/gcc/arm-none-eabi/7.1.0/../../../../arm-none-eabi/lib/thumb/libg.a(lib_a-mbtowc_r.o)
                0x000000000200b860                __utf8_mbtowc
 .text.memchr   0x000000000200baec       0x84 /home/techdude/devkitPro/devkitARM/bin/../lib/gcc/arm-none-eabi/7.1.0/../../../../arm-none-eabi/lib/thumb/libg.a(lib_a-memchr-stub.o)
                0x000000000200baec                memchr
 .text.memmove  0x000000000200bb70       0xa0 /home/techdude/devkitPro/devkitARM/bin/../lib/gcc/arm-none-eabi/7.1.0/../../../../arm-none-eabi/lib/thumb/libg.a(lib_a-memmove.o)
                0x000000000200bb70                memmove
 .text.__malloc_lock
                0x000000000200bc10       0x14 /home/techdude/devkitPro/devkitARM/bin/../lib/gcc/arm-none-eabi/7.1.0/../../../../arm-none-eabi/lib/thumb/libg.a(lib_a-mlock.o)
                0x000000000200bc10                __malloc_lock
 .text.__malloc_unlock
                0x000000000200bc24       0x14 /home/techdude/devkitPro/devkitARM/bin/../lib/gcc/arm-none-eabi/7.1.0/../../../../arm-none-eabi/lib/thumb/libg.a(lib_a-mlock.o)
                0x000000000200bc24                __malloc_unlock
 .text._realloc_r
                0x000000000200bc38      0x3c4 /home/techdude/devkitPro/devkitARM/bin/../lib/gcc/arm-none-eabi/7.1.0/../../../../arm-none-eabi/lib/thumb/libg.a(lib_a-reallocr.o)
                0x000000000200bc38                _realloc_r
 .text.__sccl   0x000000000200bffc       0x7c /home/techdude/devkitPro/devkitARM/bin/../lib/gcc/arm-none-eabi/7.1.0/../../../../arm-none-eabi/lib/thumb/libg.a(lib_a-sccl.o)
                0x000000000200bffc                __sccl
 .text.strncpy  0x000000000200c078       0x90 /home/techdude/devkitPro/devkitARM/bin/../lib/gcc/arm-none-eabi/7.1.0/../../../../arm-none-eabi/lib/thumb/libg.a(lib_a-strncpy.o)
                0x000000000200c078                strncpy
 .text._strtoll_l.isra.0
                0x000000000200c108      0x1bc /home/techdude/devkitPro/devkitARM/bin/../lib/gcc/arm-none-eabi/7.1.0/../../../../arm-none-eabi/lib/thumb/libg.a(lib_a-strtoll.o)
 .text._strtoll_r
                0x000000000200c2c4       0x34 /home/techdude/devkitPro/devkitARM/bin/../lib/gcc/arm-none-eabi/7.1.0/../../../../arm-none-eabi/lib/thumb/libg.a(lib_a-strtoll.o)
                0x000000000200c2c4                _strtoll_r
 .text._strtol_l.isra.0
                0x000000000200c2f8      0x140 /home/techdude/devkitPro/devkitARM/bin/../lib/gcc/arm-none-eabi/7.1.0/../../../../arm-none-eabi/lib/thumb/libg.a(lib_a-strtol.o)
 .text._strtol_r
                0x000000000200c438       0x34 /home/techdude/devkitPro/devkitARM/bin/../lib/gcc/arm-none-eabi/7.1.0/../../../../arm-none-eabi/lib/thumb/libg.a(lib_a-strtol.o)
                0x000000000200c438                _strtol_r
 .text._strtoull_l.isra.0
                0x000000000200c46c      0x1c8 /home/techdude/devkitPro/devkitARM/bin/../lib/gcc/arm-none-eabi/7.1.0/../../../../arm-none-eabi/lib/thumb/libg.a(lib_a-strtoull.o)
 .text._strtoull_r
                0x000000000200c634       0x34 /home/techdude/devkitPro/devkitARM/bin/../lib/gcc/arm-none-eabi/7.1.0/../../../../arm-none-eabi/lib/thumb/libg.a(lib_a-strtoull.o)
                0x000000000200c634                _strtoull_r
 .text._strtoul_l.isra.0
                0x000000000200c668      0x14c /home/techdude/devkitPro/devkitARM/bin/../lib/gcc/arm-none-eabi/7.1.0/../../../../arm-none-eabi/lib/thumb/libg.a(lib_a-strtoul.o)
 .text._strtoul_r
                0x000000000200c7b4       0x34 /home/techdude/devkitPro/devkitARM/bin/../lib/gcc/arm-none-eabi/7.1.0/../../../../arm-none-eabi/lib/thumb/libg.a(lib_a-strtoul.o)
                0x000000000200c7b4                _strtoul_r
 .text._wcsnrtombs_l
                0x000000000200c7e8      0x110 /home/techdude/devkitPro/devkitARM/bin/../lib/gcc/arm-none-eabi/7.1.0/../../../../arm-none-eabi/lib/thumb/libg.a(lib_a-wcsnrtombs.o)
                0x000000000200c7e8                _wcsnrtombs_l
 .text._wcsnrtombs_r
                0x000000000200c8f8       0x40 /home/techdude/devkitPro/devkitARM/bin/../lib/gcc/arm-none-eabi/7.1.0/../../../../arm-none-eabi/lib/thumb/libg.a(lib_a-wcsnrtombs.o)
                0x000000000200c8f8                _wcsnrtombs_r
 .text.__utf8_wctomb
                0x000000000200c938       0xbc /home/techdude/devkitPro/devkitARM/bin/../lib/gcc/arm-none-eabi/7.1.0/../../../../arm-none-eabi/lib/thumb/libg.a(lib_a-wctomb_r.o)
                0x000000000200c938                __utf8_wctomb
 .text._fclose_r
                0x000000000200c9f4       0xe0 /home/techdude/devkitPro/devkitARM/bin/../lib/gcc/arm-none-eabi/7.1.0/../../../../arm-none-eabi/lib/thumb/libg.a(lib_a-fclose.o)
                0x000000000200c9f4                _fclose_r
 .text.null_write
                0x000000000200cad4        0x4 /home/techdude/devkitPro/devkitARM/bin/../lib/gcc/arm-none-eabi/7.1.0/../../../../arm-none-eabi/lib/thumb/libsysbase.a(iosupport.o)
 .text._close_r
                0x000000000200cad8       0x5c /home/techdude/devkitPro/devkitARM/bin/../lib/gcc/arm-none-eabi/7.1.0/../../../../arm-none-eabi/lib/thumb/libsysbase.a(close.o)
                0x000000000200cad8                _close_r
 .text._fstat_r
                0x000000000200cb34       0x4c /home/techdude/devkitPro/devkitARM/bin/../lib/gcc/arm-none-eabi/7.1.0/../../../../arm-none-eabi/lib/thumb/libsysbase.a(fstat.o)
                0x000000000200cb34                _fstat_r
 .text._isatty_r
                0x000000000200cb80        0x4 /home/techdude/devkitPro/devkitARM/bin/../lib/gcc/arm-none-eabi/7.1.0/../../../../arm-none-eabi/lib/thumb/libsysbase.a(isatty.o)
                0x000000000200cb80                _isatty_r
 .text._lseek_r
                0x000000000200cb84       0x5c /home/techdude/devkitPro/devkitARM/bin/../lib/gcc/arm-none-eabi/7.1.0/../../../../arm-none-eabi/lib/thumb/libsysbase.a(lseek.o)
                0x000000000200cb84                _lseek_r
 .text._read_r  0x000000000200cbe0       0x50 /home/techdude/devkitPro/devkitARM/bin/../lib/gcc/arm-none-eabi/7.1.0/../../../../arm-none-eabi/lib/thumb/libsysbase.a(read.o)
                0x000000000200cbe0                _read_r
 .text._sbrk_r  0x000000000200cc30       0x54 /home/techdude/devkitPro/devkitARM/bin/../lib/gcc/arm-none-eabi/7.1.0/../../../../arm-none-eabi/lib/thumb/libsysbase.a(sbrk.o)
                0x000000000200cc30                _sbrk_r
 .text._write_r
                0x000000000200cc84       0x50 /home/techdude/devkitPro/devkitARM/bin/../lib/gcc/arm-none-eabi/7.1.0/../../../../arm-none-eabi/lib/thumb/libsysbase.a(write.o)
                0x000000000200cc84                _write_r
 .text.build_argv
                0x000000000200ccd4       0x4c /home/techdude/devkitPro/devkitARM/bin/../lib/gcc/arm-none-eabi/7.1.0/../../../../arm-none-eabi/lib/thumb/libsysbase.a(build_argv.o)
                0x000000000200ccd4                build_argv
 .text.__flockfile
                0x000000000200cd20       0x10 /home/techdude/devkitPro/devkitARM/bin/../lib/gcc/arm-none-eabi/7.1.0/../../../../arm-none-eabi/lib/thumb/libsysbase.a(flock.o)
                0x000000000200cd20                __flockfile
 .text.__funlockfile
                0x000000000200cd30       0x10 /home/techdude/devkitPro/devkitARM/bin/../lib/gcc/arm-none-eabi/7.1.0/../../../../arm-none-eabi/lib/thumb/libsysbase.a(flock.o)
                0x000000000200cd30                __funlockfile
 .text.__libc_lock_acquire
                0x000000000200cd40       0x1c /home/techdude/devkitPro/devkitARM/bin/../lib/gcc/arm-none-eabi/7.1.0/../../../../arm-none-eabi/lib/thumb/libsysbase.a(syscall_support.o)
                0x000000000200cd40                __libc_lock_acquire
 .text.__libc_lock_release
                0x000000000200cd5c       0x1c /home/techdude/devkitPro/devkitARM/bin/../lib/gcc/arm-none-eabi/7.1.0/../../../../arm-none-eabi/lib/thumb/libsysbase.a(syscall_support.o)
                0x000000000200cd5c                __libc_lock_release
 .text.__libc_lock_init_recursive
                0x000000000200cd78       0x1c /home/techdude/devkitPro/devkitARM/bin/../lib/gcc/arm-none-eabi/7.1.0/../../../../arm-none-eabi/lib/thumb/libsysbase.a(syscall_support.o)
                0x000000000200cd78                __libc_lock_init_recursive
 .text.__libc_lock_acquire_recursive
                0x000000000200cd94       0x1c /home/techdude/devkitPro/devkitARM/bin/../lib/gcc/arm-none-eabi/7.1.0/../../../../arm-none-eabi/lib/thumb/libsysbase.a(syscall_support.o)
                0x000000000200cd94                __libc_lock_acquire_recursive
 .text.__libc_lock_release_recursive
                0x000000000200cdb0       0x1c /home/techdude/devkitPro/devkitARM/bin/../lib/gcc/arm-none-eabi/7.1.0/../../../../arm-none-eabi/lib/thumb/libsysbase.a(syscall_support.o)
                0x000000000200cdb0                __libc_lock_release_recursive
 .text.__libc_lock_close_recursive
                0x000000000200cdcc       0x1c /home/techdude/devkitPro/devkitARM/bin/../lib/gcc/arm-none-eabi/7.1.0/../../../../arm-none-eabi/lib/thumb/libsysbase.a(syscall_support.o)
                0x000000000200cdcc                __libc_lock_close_recursive
 .text.__release_handle
                0x000000000200cde8       0x6c /home/techdude/devkitPro/devkitARM/bin/../lib/gcc/arm-none-eabi/7.1.0/../../../../arm-none-eabi/lib/thumb/libsysbase.a(handle_manager.o)
                0x000000000200cde8                __release_handle
 .text.__get_handle
                0x000000000200ce54       0x1c /home/techdude/devkitPro/devkitARM/bin/../lib/gcc/arm-none-eabi/7.1.0/../../../../arm-none-eabi/lib/thumb/libsysbase.a(handle_manager.o)
                0x000000000200ce54                __get_handle
 .text.__getreent
                0x000000000200ce70       0x28 /home/techdude/devkitPro/devkitARM/bin/../lib/gcc/arm-none-eabi/7.1.0/../../../../arm-none-eabi/lib/thumb/libsysbase.a(getreent.o)
                0x000000000200ce70                __getreent
 .text.__muldi3
                0x000000000200ce98       0x60 /home/techdude/devkitPro/devkitARM/bin/../lib/gcc/arm-none-eabi/7.1.0/thumb/libgcc.a(_muldi3.o)
                0x000000000200ce98                __aeabi_lmul
                0x000000000200ce98                __muldi3
 .text.__udivmoddi4
                0x000000000200cef8      0x188 /home/techdude/devkitPro/devkitARM/bin/../lib/gcc/arm-none-eabi/7.1.0/thumb/libgcc.a(_udivmoddi4.o)
                0x000000000200cef8                __udivmoddi4
 .text.__udivmoddi4.__stub
                0x000000000200d080       0x88 linker stubs
 *(EXCLUDE_FILE(*.twl*) .gnu.warning)
 *(EXCLUDE_FILE(*.twl*) .gnu.linkonce.t*)
 *(.glue_7)
 .glue_7        0x000000000200d118        0x0 linker stubs
 *(.glue_7t)
 .glue_7t       0x000000000200d118        0x0 linker stubs
                0x000000000200d118                . = ALIGN (0x4)

.vfp11_veneer   0x000000000200d118        0x0
 .vfp11_veneer  0x000000000200d118        0x0 linker stubs

.v4_bx          0x000000000200d118        0x0
 .v4_bx         0x000000000200d118        0x0 linker stubs

.iplt           0x000000000200d118        0x0
 .iplt          0x000000000200d118        0x0 /home/techdude/devkitPro/devkitARM/bin/../lib/gcc/arm-none-eabi/7.1.0/../../../../arm-none-eabi/lib/thumb/ds_arm9_crt0.o

.fini           0x000000000200d118        0xc
 *(.fini)
 .fini          0x000000000200d118        0x4 /home/techdude/devkitPro/devkitARM/bin/../lib/gcc/arm-none-eabi/7.1.0/thumb/crti.o
                0x000000000200d118                _fini
 .fini          0x000000000200d11c        0x8 /home/techdude/devkitPro/devkitARM/bin/../lib/gcc/arm-none-eabi/7.1.0/thumb/crtn.o
                0x000000000200d124                __text_end = .

.rodata         0x000000000200d124    0x3afbc
 *(EXCLUDE_FILE(*.twl*) .rodata)
 .rodata        0x000000000200d124    0x18000 gb.o
                0x000000000200d124                gbBitmap
 .rodata        0x0000000002025124    0x18000 logo.o
                0x0000000002025124                logoBitmap
 .rodata        0x000000000203d124     0x2004 /home/techdude/devkitPro/libnds/lib/libnds9.a(default_font.bin.o)
                0x000000000203d124                default_font_bin
                0x000000000203f124                default_font_bin_end
                0x000000000203f124                default_font_bin_size
 *all.rodata*(*)
 *(EXCLUDE_FILE(*.twl*) .roda)
 *(EXCLUDE_FILE(*.twl*) .rodata.*)
 .rodata.str1.4
                0x000000000203f128        0xc main.o
 .rodata.con_write
                0x000000000203f134       0xd4 /home/techdude/devkitPro/libnds/lib/libnds9.a(console.o)
 .rodata.con_write.str1.4
                0x000000000203f208       0x30 /home/techdude/devkitPro/libnds/lib/libnds9.a(console.o)
 .rodata.dotab_stdout
                0x000000000203f238       0x68 /home/techdude/devkitPro/libnds/lib/libnds9.a(console.o)
 .rodata.str1.4
                0x000000000203f2a0       0x14 /home/techdude/devkitPro/libnds/lib/libnds9.a(console.o)
 .rodata.SIN_LUT
                0x000000000203f2b4      0x102 /home/techdude/devkitPro/libnds/lib/libnds9.a(trig.o)
                0x000000000203f2b4                SIN_LUT
 *fill*         0x000000000203f3b6        0x2 ff
 .rodata.__ssvfiscanf_r
                0x000000000203f3b8      0x324 /home/techdude/devkitPro/devkitARM/bin/../lib/gcc/arm-none-eabi/7.1.0/../../../../arm-none-eabi/lib/thumb/libg.a(lib_a-svfiscanf.o)
 .rodata.basefix.6821
                0x000000000203f6dc       0x22 /home/techdude/devkitPro/devkitARM/bin/../lib/gcc/arm-none-eabi/7.1.0/../../../../arm-none-eabi/lib/thumb/libg.a(lib_a-svfiscanf.o)
 *fill*         0x000000000203f6fe        0x2 ff
 .rodata.get_arg
                0x000000000203f700     0x4f8c /home/techdude/devkitPro/devkitARM/bin/../lib/gcc/arm-none-eabi/7.1.0/../../../../arm-none-eabi/lib/thumb/libg.a(lib_a-vfiprintf.o)
 .rodata._vfiprintf_r
                0x000000000204468c      0x16c /home/techdude/devkitPro/devkitARM/bin/../lib/gcc/arm-none-eabi/7.1.0/../../../../arm-none-eabi/lib/thumb/libg.a(lib_a-vfiprintf.o)
 .rodata._vfiprintf_r.str1.4
                0x00000000020447f8       0x2f /home/techdude/devkitPro/devkitARM/bin/../lib/gcc/arm-none-eabi/7.1.0/../../../../arm-none-eabi/lib/thumb/libg.a(lib_a-vfiprintf.o)
 *fill*         0x0000000002044827        0x1 ff
 .rodata.blanks.7270
                0x0000000002044828       0x10 /home/techdude/devkitPro/devkitARM/bin/../lib/gcc/arm-none-eabi/7.1.0/../../../../arm-none-eabi/lib/thumb/libg.a(lib_a-vfiprintf.o)
 .rodata.zeroes.7271
                0x0000000002044838       0x10 /home/techdude/devkitPro/devkitARM/bin/../lib/gcc/arm-none-eabi/7.1.0/../../../../arm-none-eabi/lib/thumb/libg.a(lib_a-vfiprintf.o)
 .rodata.__jp2uc
                0x0000000002044848       0x20 /home/techdude/devkitPro/devkitARM/bin/../lib/gcc/arm-none-eabi/7.1.0/../../../../arm-none-eabi/lib/thumb/libg.a(lib_a-jp2uc.o)
 .rodata._jp2uc.str1.4
                0x0000000002044868       0x12 /home/techdude/devkitPro/devkitARM/bin/../lib/gcc/arm-none-eabi/7.1.0/../../../../arm-none-eabi/lib/thumb/libg.a(lib_a-jp2uc.o)
 *fill*         0x000000000204487a        0x2 ff
 .rodata.a1     0x000000000204487c       0xbc /home/techdude/devkitPro/devkitARM/bin/../lib/gcc/arm-none-eabi/7.1.0/../../../../arm-none-eabi/lib/thumb/libg.a(lib_a-jp2uc.o)
 .rodata.a2     0x0000000002044938       0xbc /home/techdude/devkitPro/devkitARM/bin/../lib/gcc/arm-none-eabi/7.1.0/../../../../arm-none-eabi/lib/thumb/libg.a(lib_a-jp2uc.o)
 .rodata.a3     0x00000000020449f4       0x5b /home/techdude/devkitPro/devkitARM/bin/../lib/gcc/arm-none-eabi/7.1.0/../../../../arm-none-eabi/lib/thumb/libg.a(lib_a-jp2uc.o)
 *fill*         0x0000000002044a4f        0x1 ff
 .rodata.a6     0x0000000002044a50       0x70 /home/techdude/devkitPro/devkitARM/bin/../lib/gcc/arm-none-eabi/7.1.0/../../../../arm-none-eabi/lib/thumb/libg.a(lib_a-jp2uc.o)
 .rodata.a7     0x0000000002044ac0       0xa2 /home/techdude/devkitPro/devkitARM/bin/../lib/gcc/arm-none-eabi/7.1.0/../../../../arm-none-eabi/lib/thumb/libg.a(lib_a-jp2uc.o)
 *fill*         0x0000000002044b62        0x2 ff
 .rodata.a8     0x0000000002044b64       0x40 /home/techdude/devkitPro/devkitARM/bin/../lib/gcc/arm-none-eabi/7.1.0/../../../../arm-none-eabi/lib/thumb/libg.a(lib_a-jp2uc.o)
 .rodata.b02cf  0x0000000002044ba4     0x172a /home/techdude/devkitPro/devkitARM/bin/../lib/gcc/arm-none-eabi/7.1.0/../../../../arm-none-eabi/lib/thumb/libg.a(lib_a-jp2uc.o)
 *fill*         0x00000000020462ce        0x2 ff
 .rodata.d02f4  0x00000000020462d0     0x1a7c /home/techdude/devkitPro/devkitARM/bin/../lib/gcc/arm-none-eabi/7.1.0/../../../../arm-none-eabi/lib/thumb/libg.a(lib_a-jp2uc.o)
 .rodata.str1.4
                0x0000000002047d4c       0x48 /home/techdude/devkitPro/devkitARM/bin/../lib/gcc/arm-none-eabi/7.1.0/../../../../arm-none-eabi/lib/thumb/libg.a(lib_a-locale.o)
                                         0x4c (size before relaxing)
 .rodata._mbrtowc_r.str1.4
                0x0000000002047d94        0x1 /home/techdude/devkitPro/devkitARM/bin/../lib/gcc/arm-none-eabi/7.1.0/../../../../arm-none-eabi/lib/thumb/libg.a(lib_a-mbrtowc.o)
 .rodata.__action_table
                0x0000000002047d94       0x6c /home/techdude/devkitPro/devkitARM/bin/../lib/gcc/arm-none-eabi/7.1.0/../../../../arm-none-eabi/lib/thumb/libg.a(lib_a-svfiprintf.o)
                0x0000000002047d94                __action_table
 .rodata.__chclass
                0x0000000002047e00      0x100 /home/techdude/devkitPro/devkitARM/bin/../lib/gcc/arm-none-eabi/7.1.0/../../../../arm-none-eabi/lib/thumb/libg.a(lib_a-svfiprintf.o)
                0x0000000002047e00                __chclass
 .rodata.__state_table
                0x0000000002047f00       0x6c /home/techdude/devkitPro/devkitARM/bin/../lib/gcc/arm-none-eabi/7.1.0/../../../../arm-none-eabi/lib/thumb/libg.a(lib_a-svfiprintf.o)
                0x0000000002047f00                __state_table
 .rodata._ctype_
                0x0000000002047f6c      0x101 /home/techdude/devkitPro/devkitARM/bin/../lib/gcc/arm-none-eabi/7.1.0/../../../../arm-none-eabi/lib/thumb/libg.a(lib_a-ctype_.o)
                0x0000000002047f6c                _ctype_
 *fill*         0x000000000204806d        0x3 ff
 .rodata.AddDevice.str1.4
                0x0000000002048070        0x8 /home/techdude/devkitPro/devkitARM/bin/../lib/gcc/arm-none-eabi/7.1.0/../../../../arm-none-eabi/lib/thumb/libsysbase.a(iosupport.o)
 .rodata.dotab_stdnull
                0x0000000002048078       0x68 /home/techdude/devkitPro/devkitARM/bin/../lib/gcc/arm-none-eabi/7.1.0/../../../../arm-none-eabi/lib/thumb/libsysbase.a(iosupport.o)
                0x0000000002048078                dotab_stdnull
 *(EXCLUDE_FILE(*.twl*) .gnu.linkonce.r*)
                0x00000000020480e0                . = ALIGN (0x4)

.ARM.extab
 *(.ARM.extab* .gnu.linkonce.armextab.*)
                0x00000000020480e0                __exidx_start = .

ARM.exidx
 *(.ARM.exidx* .gnu.linkonce.armexidx.*)
                0x00000000020480e0                __exidx_end = .
                0x00000000020480e0                . = ALIGN (0x4)
                0x00000000020480e0                PROVIDE (__preinit_array_start, .)

.preinit_array
 *(.preinit_array)
                0x00000000020480e0                PROVIDE (__preinit_array_end, .)
                0x00000000020480e0                PROVIDE (__init_array_start, .)

.init_array     0x00000000020480e0        0x4
 *(SORT(.init_array.*))
 *(.init_array)
 .init_array    0x00000000020480e0        0x4 /home/techdude/devkitPro/devkitARM/bin/../lib/gcc/arm-none-eabi/7.1.0/thumb/crtbegin.o
                0x00000000020480e4                PROVIDE (__init_array_end, .)
                [!provide]                        PROVIDE (__fini_array_start, .)

.fini_array     0x00000000020480e4        0x4
 *(.fini_array)
 .fini_array    0x00000000020480e4        0x4 /home/techdude/devkitPro/devkitARM/bin/../lib/gcc/arm-none-eabi/7.1.0/thumb/crtbegin.o
 *(SORT(.fini_array.*))
                [!provide]                        PROVIDE (__fini_array_end, .)

.ctors          0x00000000020480e8        0x0
 *crtbegin.o(.ctors)
 *(EXCLUDE_FILE(*crtend.o) .ctors)
 *(SORT(.ctors.*))
 *(.ctors)
                0x00000000020480e8                . = ALIGN (0x4)

.dtors          0x00000000020480e8        0x0
 *crtbegin.o(.dtors)
 *(EXCLUDE_FILE(*crtend.o) .dtors)
 *(SORT(.dtors.*))
 *(.dtors)
                0x00000000020480e8                . = ALIGN (0x4)

.eh_frame       0x00000000020480e8        0x4
 *(.eh_frame)
 .eh_frame      0x00000000020480e8        0x0 /home/techdude/devkitPro/devkitARM/bin/../lib/gcc/arm-none-eabi/7.1.0/thumb/crtbegin.o
 .eh_frame      0x00000000020480e8        0x4 /home/techdude/devkitPro/devkitARM/bin/../lib/gcc/arm-none-eabi/7.1.0/thumb/crtend.o
                0x00000000020480ec                . = ALIGN (0x4)

.rel.dyn        0x00000000020480ec        0x0
 .rel.iplt      0x00000000020480ec        0x0 /home/techdude/devkitPro/devkitARM/bin/../lib/gcc/arm-none-eabi/7.1.0/../../../../arm-none-eabi/lib/thumb/ds_arm9_crt0.o

.gcc_except_table
                0x00000000020480ec        0x0
 *(.gcc_except_table)
                0x00000000020480ec                . = ALIGN (0x4)

.jcr
 *(.jcr)

.got
 *(.got.plt)
 *(.got)
 *(.rel.got)

.ewram          0x00000000020480ec        0x0
                0x00000000020480ec                __ewram_start = ABSOLUTE (.)
 *(.ewram)
 *ewram.*(.text)
                0x00000000020480ec                . = ALIGN (0x4)

.data           0x00000000020480ec     0x1b6c
                0x00000000020480ec                __data_start = ABSOLUTE (.)
 *(EXCLUDE_FILE(*.twl*) .data)
 .data          0x00000000020480ec       0x28 /home/techdude/devkitPro/libnds/lib/libnds9.a(mpu_setup.o)
 *(EXCLUDE_FILE(*.twl*) .data.*)
 .data.count    0x0000000002048114        0x1 /home/techdude/devkitPro/libnds/lib/libnds9.a(keys.o)
 .data.delay    0x0000000002048115        0x1 /home/techdude/devkitPro/libnds/lib/libnds9.a(keys.o)
 .data.repeat   0x0000000002048116        0x1 /home/techdude/devkitPro/libnds/lib/libnds9.a(keys.o)
 *fill*         0x0000000002048117        0x1 ff
 .data.currentConsole
                0x0000000002048118        0x4 /home/techdude/devkitPro/libnds/lib/libnds9.a(console.o)
                0x0000000002048118                currentConsole
 .data.defaultConsole
                0x000000000204811c       0x5c /home/techdude/devkitPro/libnds/lib/libnds9.a(console.o)
                0x000000000204811c                defaultConsole
 .data.firstConsoleInit.6490
                0x0000000002048178        0x1 /home/techdude/devkitPro/libnds/lib/libnds9.a(console.o)
 *fill*         0x0000000002048179        0x3 ff
 .data.bgControl
                0x000000000204817c       0x20 /home/techdude/devkitPro/libnds/lib/libnds9.a(background.o)
                0x000000000204817c                bgControl
 .data.bgScrollTable
                0x000000000204819c       0x20 /home/techdude/devkitPro/libnds/lib/libnds9.a(background.o)
                0x000000000204819c                bgScrollTable
 .data.bgTransform
                0x00000000020481bc       0x20 /home/techdude/devkitPro/libnds/lib/libnds9.a(background.o)
                0x00000000020481bc                bgTransform
 .data.fifo_buffer_free
                0x00000000020481dc        0x4 /home/techdude/devkitPro/libnds/lib/libnds9.a(fifosystem.o)
                0x00000000020481dc                fifo_buffer_free
 .data.fifo_freewords
                0x00000000020481e0        0x4 /home/techdude/devkitPro/libnds/lib/libnds9.a(fifosystem.o)
                0x00000000020481e0                fifo_freewords
 .data.fifo_receive_queue
                0x00000000020481e4        0x4 /home/techdude/devkitPro/libnds/lib/libnds9.a(fifosystem.o)
                0x00000000020481e4                fifo_receive_queue
 .data.fifo_send_queue
                0x00000000020481e8        0x4 /home/techdude/devkitPro/libnds/lib/libnds9.a(fifosystem.o)
                0x00000000020481e8                fifo_send_queue
 .data.__sfp_lock
                0x00000000020481ec        0xc /home/techdude/devkitPro/devkitARM/bin/../lib/gcc/arm-none-eabi/7.1.0/../../../../arm-none-eabi/lib/thumb/libg.a(lib_a-findfp.o)
 .data.__sinit_lock
                0x00000000020481f8        0xc /home/techdude/devkitPro/devkitARM/bin/../lib/gcc/arm-none-eabi/7.1.0/../../../../arm-none-eabi/lib/thumb/libg.a(lib_a-findfp.o)
 .data._impure_ptr
                0x0000000002048204        0x4 /home/techdude/devkitPro/devkitARM/bin/../lib/gcc/arm-none-eabi/7.1.0/../../../../arm-none-eabi/lib/thumb/libg.a(lib_a-impure.o)
                0x0000000002048204                _impure_ptr
 .data.impure_data
                0x0000000002048208      0x460 /home/techdude/devkitPro/devkitARM/bin/../lib/gcc/arm-none-eabi/7.1.0/../../../../arm-none-eabi/lib/thumb/libg.a(lib_a-impure.o)
 .data.__global_locale
                0x0000000002048668      0x16c /home/techdude/devkitPro/devkitARM/bin/../lib/gcc/arm-none-eabi/7.1.0/../../../../arm-none-eabi/lib/thumb/libg.a(lib_a-locale.o)
                0x0000000002048668                __global_locale
 .data.__malloc_av_
                0x00000000020487d4      0x408 /home/techdude/devkitPro/devkitARM/bin/../lib/gcc/arm-none-eabi/7.1.0/../../../../arm-none-eabi/lib/thumb/libg.a(lib_a-mallocr.o)
                0x00000000020487d4                __malloc_av_
 .data.__malloc_sbrk_base
                0x0000000002048bdc        0x4 /home/techdude/devkitPro/devkitARM/bin/../lib/gcc/arm-none-eabi/7.1.0/../../../../arm-none-eabi/lib/thumb/libg.a(lib_a-mallocr.o)
                0x0000000002048bdc                __malloc_sbrk_base
 .data.__malloc_trim_threshold
                0x0000000002048be0        0x4 /home/techdude/devkitPro/devkitARM/bin/../lib/gcc/arm-none-eabi/7.1.0/../../../../arm-none-eabi/lib/thumb/libg.a(lib_a-mallocr.o)
                0x0000000002048be0                __malloc_trim_threshold
 .data.__malloc_lock_object
                0x0000000002048be4        0xc /home/techdude/devkitPro/devkitARM/bin/../lib/gcc/arm-none-eabi/7.1.0/../../../../arm-none-eabi/lib/thumb/libg.a(lib_a-mlock.o)
 .data.devoptab_list
                0x0000000002048bf0       0x40 /home/techdude/devkitPro/devkitARM/bin/../lib/gcc/arm-none-eabi/7.1.0/../../../../arm-none-eabi/lib/thumb/libsysbase.a(iosupport.o)
                0x0000000002048bf0                devoptab_list
 .data.__hndl_lock
                0x0000000002048c30        0x4 /home/techdude/devkitPro/devkitARM/bin/../lib/gcc/arm-none-eabi/7.1.0/../../../../arm-none-eabi/lib/thumb/libsysbase.a(handle_manager.o)
 .data.__stderr_handle
                0x0000000002048c34        0xc /home/techdude/devkitPro/devkitARM/bin/../lib/gcc/arm-none-eabi/7.1.0/../../../../arm-none-eabi/lib/thumb/libsysbase.a(handle_manager.o)
 .data.__stdin_handle
                0x0000000002048c40        0xc /home/techdude/devkitPro/devkitARM/bin/../lib/gcc/arm-none-eabi/7.1.0/../../../../arm-none-eabi/lib/thumb/libsysbase.a(handle_manager.o)
 .data.__stdout_handle
                0x0000000002048c4c        0xc /home/techdude/devkitPro/devkitARM/bin/../lib/gcc/arm-none-eabi/7.1.0/../../../../arm-none-eabi/lib/thumb/libsysbase.a(handle_manager.o)
 .data.handles  0x0000000002048c58     0x1000 /home/techdude/devkitPro/devkitARM/bin/../lib/gcc/arm-none-eabi/7.1.0/../../../../arm-none-eabi/lib/thumb/libsysbase.a(handle_manager.o)
 *(EXCLUDE_FILE(*.twl*) .gnu.linkonce.d*)
                0x0000000002049c58                . = ALIGN (0x4)
                0x0000000002049c58                __data_end = ABSOLUTE (.)
                0x0000000002049c58                __bss_vma = .

.igot.plt       0x0000000002049c58        0x0
 .igot.plt      0x0000000002049c58        0x0 /home/techdude/devkitPro/devkitARM/bin/../lib/gcc/arm-none-eabi/7.1.0/../../../../arm-none-eabi/lib/thumb/ds_arm9_crt0.o

.tm_clone_table
                0x0000000002049c58        0x0
 .tm_clone_table
                0x0000000002049c58        0x0 /home/techdude/devkitPro/devkitARM/bin/../lib/gcc/arm-none-eabi/7.1.0/thumb/crtbegin.o
 .tm_clone_table
                0x0000000002049c58        0x0 /home/techdude/devkitPro/devkitARM/bin/../lib/gcc/arm-none-eabi/7.1.0/thumb/crtend.o

.dtcm           0x000000000b000000        0x0 load address 0x0000000002049c58
                0x0000000002049c58                __dtcm_lma = LOADADDR (.dtcm)
                0x000000000b000000                __dtcm_start = ABSOLUTE (.)
 *(.dtcm)
 *(.dtcm.*)
                0x000000000b000000                . = ALIGN (0x4)
                0x000000000b000000                __dtcm_end = ABSOLUTE (.)

.itcm           0x0000000001000100      0x194 load address 0x0000000002049c58
                0x0000000002049c58                __itcm_lma = LOADADDR (.itcm)
                0x0000000001000100                __itcm_start = ABSOLUTE (.)
 *(.itcm)
 .itcm          0x0000000001000100       0xc8 /home/techdude/devkitPro/libnds/lib/libnds9.a(interrupts.o)
                0x0000000001000100                irqTable
 .itcm          0x00000000010001c8       0xcc /home/techdude/devkitPro/libnds/lib/libnds9.a(interruptDispatcher.o)
                0x00000000010001c8                IntrMain
 *.itcm*(.text .stub .text.*)
                0x0000000001000294                . = ALIGN (0x4)
                0x0000000001000294                __itcm_end = ABSOLUTE (.)

.vectors        0x0000000001000000        0x0 load address 0x0000000002049dec
                0x0000000002049dec                __vectors_lma = LOADADDR (.vectors)
                0x0000000001000000                __vectors_start = ABSOLUTE (.)
 *(.vectors)
 *.vectors*(.text .stub .text.*)
                0x0000000001000000                . = ALIGN (0x4)
                0x0000000001000000                __vectors_end = ABSOLUTE (.)

.sbss           0x000000000b000000        0x0
                0x000000000b000000                __sbss_start = ABSOLUTE (.)
                0x000000000b000000                __sbss_start__ = ABSOLUTE (.)
 *(.sbss)
                0x000000000b000000                . = ALIGN (0x4)
                0x000000000b000000                __sbss_end = ABSOLUTE (.)

.bss            0x0000000002049c58      0xc94
                0x0000000002049c58                __bss_start = ABSOLUTE (.)
                0x0000000002049c58                __bss_start__ = ABSOLUTE (.)
 *(EXCLUDE_FILE(*.twl*) .dynbss)
 *(EXCLUDE_FILE(*.twl*) .gnu.linkonce.b*)
 *(EXCLUDE_FILE(*.twl*) .bss*)
 .bss.completed.6484
                0x0000000002049c58        0x1 /home/techdude/devkitPro/devkitARM/bin/../lib/gcc/arm-none-eabi/7.1.0/thumb/crtbegin.o
 *fill*         0x0000000002049c59        0x3 
 .bss.object.6489
                0x0000000002049c5c       0x18 /home/techdude/devkitPro/devkitARM/bin/../lib/gcc/arm-none-eabi/7.1.0/thumb/crtbegin.o
 .bss.keys      0x0000000002049c74        0x2 /home/techdude/devkitPro/libnds/lib/libnds9.a(keys.o)
 .bss.keysold   0x0000000002049c76        0x2 /home/techdude/devkitPro/libnds/lib/libnds9.a(keys.o)
 .bss.keysrepeat
                0x0000000002049c78        0x2 /home/techdude/devkitPro/libnds/lib/libnds9.a(keys.o)
 *fill*         0x0000000002049c7a        0x2 
 .bss.SDcallback
                0x0000000002049c7c        0x4 /home/techdude/devkitPro/libnds/lib/libnds9.a(system.o)
 .bss.__timeout
                0x0000000002049c80        0x4 /home/techdude/devkitPro/libnds/lib/libnds9.a(fifosystem.o)
 .bss.processing
                0x0000000002049c84        0x4 /home/techdude/devkitPro/libnds/lib/libnds9.a(fifosystem.o)
                0x0000000002049c84                processing
 .bss.__malloc_current_mallinfo
                0x0000000002049c88       0x28 /home/techdude/devkitPro/devkitARM/bin/../lib/gcc/arm-none-eabi/7.1.0/../../../../arm-none-eabi/lib/thumb/libg.a(lib_a-mallocr.o)
                0x0000000002049c88                __malloc_current_mallinfo
 .bss.__malloc_max_sbrked_mem
                0x0000000002049cb0        0x4 /home/techdude/devkitPro/devkitARM/bin/../lib/gcc/arm-none-eabi/7.1.0/../../../../arm-none-eabi/lib/thumb/libg.a(lib_a-mallocr.o)
                0x0000000002049cb0                __malloc_max_sbrked_mem
 .bss.__malloc_max_total_mem
                0x0000000002049cb4        0x4 /home/techdude/devkitPro/devkitARM/bin/../lib/gcc/arm-none-eabi/7.1.0/../../../../arm-none-eabi/lib/thumb/libg.a(lib_a-mallocr.o)
                0x0000000002049cb4                __malloc_max_total_mem
 .bss.__malloc_top_pad
                0x0000000002049cb8        0x4 /home/techdude/devkitPro/devkitARM/bin/../lib/gcc/arm-none-eabi/7.1.0/../../../../arm-none-eabi/lib/thumb/libg.a(lib_a-mallocr.o)
                0x0000000002049cb8                __malloc_top_pad
 .bss.heap_start.5814
                0x0000000002049cbc        0x4 /home/techdude/devkitPro/devkitARM/bin/../lib/gcc/arm-none-eabi/7.1.0/../../../../arm-none-eabi/lib/thumb/libsysbase.a(sbrk.o)
 .bss.fake_heap_end
                0x0000000002049cc0        0x4 /home/techdude/devkitPro/devkitARM/bin/../lib/gcc/arm-none-eabi/7.1.0/../../../../arm-none-eabi/lib/thumb/libsysbase.a(malloc_vars.o)
                0x0000000002049cc0                fake_heap_end
 .bss.fake_heap_start
                0x0000000002049cc4        0x4 /home/techdude/devkitPro/devkitARM/bin/../lib/gcc/arm-none-eabi/7.1.0/../../../../arm-none-eabi/lib/thumb/libsysbase.a(malloc_vars.o)
                0x0000000002049cc4                fake_heap_start
 .bss.__syscalls
                0x0000000002049cc8       0x38 /home/techdude/devkitPro/devkitARM/bin/../lib/gcc/arm-none-eabi/7.1.0/../../../../arm-none-eabi/lib/thumb/libsysbase.a(syscall_support.o)
                0x0000000002049cc8                __syscalls
 *(EXCLUDE_FILE(*.twl*) COMMON)
 COMMON         0x0000000002049d00       0x5c /home/techdude/devkitPro/libnds/lib/libnds9.a(console.o)
                0x0000000002049d00                currentCopy
 COMMON         0x0000000002049d5c      0x148 /home/techdude/devkitPro/libnds/lib/libnds9.a(background.o)
                0x0000000002049d5c                bgState
                0x0000000002049e9c                bgIsTextLut
 COMMON         0x0000000002049ea4        0x1 /home/techdude/devkitPro/libnds/lib/libnds9.a(initSystem.o)
                0x0000000002049ea4                __dsimode
 *fill*         0x0000000002049ea5        0x3 
 COMMON         0x0000000002049ea8      0xa40 /home/techdude/devkitPro/libnds/lib/libnds9.a(fifosystem.o)
                0x0000000002049ea8                fifo_datamsg_data
                0x0000000002049ee8                fifo_buffer
                0x000000000204a6e8                fifo_value32_func
                0x000000000204a728                fifo_address_func
                0x000000000204a768                fifo_value32_data
                0x000000000204a7a8                fifo_value32_queue
                0x000000000204a7e8                fifo_data_queue
                0x000000000204a828                fifo_address_data
                0x000000000204a868                fifo_datamsg_func
                0x000000000204a8a8                fifo_address_queue
 COMMON         0x000000000204a8e8        0x4 /home/techdude/devkitPro/libnds/lib/libnds9.a(timeSupport.o)
                0x000000000204a8e8                punixTime
                0x000000000204a8ec                . = ALIGN (0x4)
                0x000000000204a8ec                __bss_end__ = ABSOLUTE (.)
                0x000000000204a8ec                __end__ = ABSOLUTE (.)

.twl            0x000000000204a8ec        0x0 load address 0x0000000002400000
                0x0000000002400000                __arm9i_lma__ = LOADADDR (.twl)
                0x000000000204a8ec                __arm9i_start__ = ABSOLUTE (.)
 *(.twl)
 *.twl*(.text .stub .text.* .gnu.linkonce.t.*)
 *.twl*(.rodata)
 *.twl*(.roda)
 *.twl*(.rodata.*)
 *.twl*(.data)
 *.twl*(.data.*)
 *.twl*(.gnu.linkonce.d*)
                0x000000000204a8ec                __arm9i_end__ = ABSOLUTE (.)

.twl_bss        0x000000000204a8ec        0x0
                0x000000000204a8ec                __twl_bss_start__ = ABSOLUTE (.)
 *(.twl_bss)
 *.twl*(.dynbss)
 *.twl*(.gnu.linkonce.b*)
 *.twl*(.bss*)
 *.twl*(COMMON)
                0x000000000204a8ec                . = ALIGN (0x4)
                0x000000000204a8ec                __twl_bss_end__ = ABSOLUTE (.)
                0x000000000204a8ec                __twl_end__ = ABSOLUTE (.)

.stab
 *(.stab)

.stabstr
 *(.stabstr)

.stab.excl
 *(.stab.excl)

.stab.exclstr
 *(.stab.exclstr)

.stab.index
 *(.stab.index)

.stab.indexstr
 *(.stab.indexstr)

.comment        0x0000000000000000       0x44
 *(.comment)
 .comment       0x0000000000000000       0x22 /home/techdude/devkitPro/devkitARM/bin/../lib/gcc/arm-none-eabi/7.1.0/thumb/crtbegin.o
                                         0x23 (size before relaxing)
 .comment       0x0000000000000022       0x23 main.o
 .comment       0x0000000000000022       0x22 /home/techdude/devkitPro/libnds/lib/libnds9.a(keys.o)
                                         0x23 (size before relaxing)
 .comment       0x0000000000000044       0x23 /home/techdude/devkitPro/libnds/lib/libnds9.a(console.o)
 .comment       0x0000000000000044       0x23 /home/techdude/devkitPro/libnds/lib/libnds9.a(system.o)
 .comment       0x0000000000000044       0x23 /home/techdude/devkitPro/libnds/lib/libnds9.a(video.o)
 .comment       0x0000000000000044       0x23 /home/techdude/devkitPro/libnds/lib/libnds9.a(background.o)
 .comment       0x0000000000000044       0x23 /home/techdude/devkitPro/libnds/lib/libnds9.a(securearea.o)
 .comment       0x0000000000000044       0x23 /home/techdude/devkitPro/libnds/lib/libnds9.a(initSystem.o)
 .comment       0x0000000000000044       0x23 /home/techdude/devkitPro/libnds/lib/libnds9.a(fifosystem.o)
 .comment       0x0000000000000044       0x23 /home/techdude/devkitPro/libnds/lib/libnds9.a(libnds_exit.arm.o)
 .comment       0x0000000000000044       0x23 /home/techdude/devkitPro/libnds/lib/libnds9.a(interrupts.o)
 .comment       0x0000000000000044       0x23 /home/techdude/devkitPro/libnds/lib/libnds9.a(trig.o)
 .comment       0x0000000000000044       0x23 /home/techdude/devkitPro/libnds/lib/libnds9.a(timeSupport.o)
 .comment       0x0000000000000044       0x23 /home/techdude/devkitPro/devkitARM/bin/../lib/gcc/arm-none-eabi/7.1.0/../../../../arm-none-eabi/lib/thumb/libg.a(lib_a-init.o)
 .comment       0x0000000000000044       0x23 /home/techdude/devkitPro/devkitARM/bin/../lib/gcc/arm-none-eabi/7.1.0/../../../../arm-none-eabi/lib/thumb/libg.a(lib_a-iprintf.o)
 .comment       0x0000000000000044       0x23 /home/techdude/devkitPro/devkitARM/bin/../lib/gcc/arm-none-eabi/7.1.0/../../../../arm-none-eabi/lib/thumb/libg.a(lib_a-memcpy-stub.o)
 .comment       0x0000000000000044       0x23 /home/techdude/devkitPro/devkitARM/bin/../lib/gcc/arm-none-eabi/7.1.0/../../../../arm-none-eabi/lib/thumb/libg.a(lib_a-memset.o)
 .comment       0x0000000000000044       0x23 /home/techdude/devkitPro/devkitARM/bin/../lib/gcc/arm-none-eabi/7.1.0/../../../../arm-none-eabi/lib/thumb/libg.a(lib_a-setvbuf.o)
 .comment       0x0000000000000044       0x23 /home/techdude/devkitPro/devkitARM/bin/../lib/gcc/arm-none-eabi/7.1.0/../../../../arm-none-eabi/lib/thumb/libg.a(lib_a-siscanf.o)
 .comment       0x0000000000000044       0x23 /home/techdude/devkitPro/devkitARM/bin/../lib/gcc/arm-none-eabi/7.1.0/../../../../arm-none-eabi/lib/thumb/libg.a(lib_a-stdio.o)
 .comment       0x0000000000000044       0x23 /home/techdude/devkitPro/devkitARM/bin/../lib/gcc/arm-none-eabi/7.1.0/../../../../arm-none-eabi/lib/thumb/libg.a(lib_a-strlen-stub.o)
 .comment       0x0000000000000044       0x23 /home/techdude/devkitPro/devkitARM/bin/../lib/gcc/arm-none-eabi/7.1.0/../../../../arm-none-eabi/lib/thumb/libg.a(lib_a-svfiscanf.o)
 .comment       0x0000000000000044       0x23 /home/techdude/devkitPro/devkitARM/bin/../lib/gcc/arm-none-eabi/7.1.0/../../../../arm-none-eabi/lib/thumb/libg.a(lib_a-ungetc.o)
 .comment       0x0000000000000044       0x23 /home/techdude/devkitPro/devkitARM/bin/../lib/gcc/arm-none-eabi/7.1.0/../../../../arm-none-eabi/lib/thumb/libg.a(lib_a-vfiprintf.o)
 .comment       0x0000000000000044       0x23 /home/techdude/devkitPro/devkitARM/bin/../lib/gcc/arm-none-eabi/7.1.0/../../../../arm-none-eabi/lib/thumb/libg.a(lib_a-wcrtomb.o)
 .comment       0x0000000000000044       0x23 /home/techdude/devkitPro/devkitARM/bin/../lib/gcc/arm-none-eabi/7.1.0/../../../../arm-none-eabi/lib/thumb/libg.a(lib_a-wcsrtombs.o)
 .comment       0x0000000000000044       0x23 /home/techdude/devkitPro/devkitARM/bin/../lib/gcc/arm-none-eabi/7.1.0/../../../../arm-none-eabi/lib/thumb/libg.a(lib_a-wsetup.o)
 .comment       0x0000000000000044       0x23 /home/techdude/devkitPro/devkitARM/bin/../lib/gcc/arm-none-eabi/7.1.0/../../../../arm-none-eabi/lib/thumb/libg.a(lib_a-fflush.o)
 .comment       0x0000000000000044       0x23 /home/techdude/devkitPro/devkitARM/bin/../lib/gcc/arm-none-eabi/7.1.0/../../../../arm-none-eabi/lib/thumb/libg.a(lib_a-findfp.o)
 .comment       0x0000000000000044       0x23 /home/techdude/devkitPro/devkitARM/bin/../lib/gcc/arm-none-eabi/7.1.0/../../../../arm-none-eabi/lib/thumb/libg.a(lib_a-freer.o)
 .comment       0x0000000000000044       0x23 /home/techdude/devkitPro/devkitARM/bin/../lib/gcc/arm-none-eabi/7.1.0/../../../../arm-none-eabi/lib/thumb/libg.a(lib_a-fvwrite.o)
 .comment       0x0000000000000044       0x23 /home/techdude/devkitPro/devkitARM/bin/../lib/gcc/arm-none-eabi/7.1.0/../../../../arm-none-eabi/lib/thumb/libg.a(lib_a-fwalk.o)
 .comment       0x0000000000000044       0x23 /home/techdude/devkitPro/devkitARM/bin/../lib/gcc/arm-none-eabi/7.1.0/../../../../arm-none-eabi/lib/thumb/libg.a(lib_a-impure.o)
 .comment       0x0000000000000044       0x23 /home/techdude/devkitPro/devkitARM/bin/../lib/gcc/arm-none-eabi/7.1.0/../../../../arm-none-eabi/lib/thumb/libg.a(lib_a-iswspace.o)
 .comment       0x0000000000000044       0x23 /home/techdude/devkitPro/devkitARM/bin/../lib/gcc/arm-none-eabi/7.1.0/../../../../arm-none-eabi/lib/thumb/libg.a(lib_a-jp2uc.o)
 .comment       0x0000000000000044       0x23 /home/techdude/devkitPro/devkitARM/bin/../lib/gcc/arm-none-eabi/7.1.0/../../../../arm-none-eabi/lib/thumb/libg.a(lib_a-localeconv.o)
 .comment       0x0000000000000044       0x23 /home/techdude/devkitPro/devkitARM/bin/../lib/gcc/arm-none-eabi/7.1.0/../../../../arm-none-eabi/lib/thumb/libg.a(lib_a-locale.o)
 .comment       0x0000000000000044       0x23 /home/techdude/devkitPro/devkitARM/bin/../lib/gcc/arm-none-eabi/7.1.0/../../../../arm-none-eabi/lib/thumb/libg.a(lib_a-makebuf.o)
 .comment       0x0000000000000044       0x23 /home/techdude/devkitPro/devkitARM/bin/../lib/gcc/arm-none-eabi/7.1.0/../../../../arm-none-eabi/lib/thumb/libg.a(lib_a-malloc.o)
 .comment       0x0000000000000044       0x23 /home/techdude/devkitPro/devkitARM/bin/../lib/gcc/arm-none-eabi/7.1.0/../../../../arm-none-eabi/lib/thumb/libg.a(lib_a-mallocr.o)
 .comment       0x0000000000000044       0x23 /home/techdude/devkitPro/devkitARM/bin/../lib/gcc/arm-none-eabi/7.1.0/../../../../arm-none-eabi/lib/thumb/libg.a(lib_a-mbrtowc.o)
 .comment       0x0000000000000044       0x23 /home/techdude/devkitPro/devkitARM/bin/../lib/gcc/arm-none-eabi/7.1.0/../../../../arm-none-eabi/lib/thumb/libg.a(lib_a-mbtowc_r.o)
 .comment       0x0000000000000044       0x23 /home/techdude/devkitPro/devkitARM/bin/../lib/gcc/arm-none-eabi/7.1.0/../../../../arm-none-eabi/lib/thumb/libg.a(lib_a-memchr-stub.o)
 .comment       0x0000000000000044       0x23 /home/techdude/devkitPro/devkitARM/bin/../lib/gcc/arm-none-eabi/7.1.0/../../../../arm-none-eabi/lib/thumb/libg.a(lib_a-memmove.o)
 .comment       0x0000000000000044       0x23 /home/techdude/devkitPro/devkitARM/bin/../lib/gcc/arm-none-eabi/7.1.0/../../../../arm-none-eabi/lib/thumb/libg.a(lib_a-mlock.o)
 .comment       0x0000000000000044       0x23 /home/techdude/devkitPro/devkitARM/bin/../lib/gcc/arm-none-eabi/7.1.0/../../../../arm-none-eabi/lib/thumb/libg.a(lib_a-reallocr.o)
 .comment       0x0000000000000044       0x23 /home/techdude/devkitPro/devkitARM/bin/../lib/gcc/arm-none-eabi/7.1.0/../../../../arm-none-eabi/lib/thumb/libg.a(lib_a-sccl.o)
 .comment       0x0000000000000044       0x23 /home/techdude/devkitPro/devkitARM/bin/../lib/gcc/arm-none-eabi/7.1.0/../../../../arm-none-eabi/lib/thumb/libg.a(lib_a-strncpy.o)
 .comment       0x0000000000000044       0x23 /home/techdude/devkitPro/devkitARM/bin/../lib/gcc/arm-none-eabi/7.1.0/../../../../arm-none-eabi/lib/thumb/libg.a(lib_a-strtoll.o)
 .comment       0x0000000000000044       0x23 /home/techdude/devkitPro/devkitARM/bin/../lib/gcc/arm-none-eabi/7.1.0/../../../../arm-none-eabi/lib/thumb/libg.a(lib_a-strtol.o)
 .comment       0x0000000000000044       0x23 /home/techdude/devkitPro/devkitARM/bin/../lib/gcc/arm-none-eabi/7.1.0/../../../../arm-none-eabi/lib/thumb/libg.a(lib_a-strtoull.o)
 .comment       0x0000000000000044       0x23 /home/techdude/devkitPro/devkitARM/bin/../lib/gcc/arm-none-eabi/7.1.0/../../../../arm-none-eabi/lib/thumb/libg.a(lib_a-strtoul.o)
 .comment       0x0000000000000044       0x23 /home/techdude/devkitPro/devkitARM/bin/../lib/gcc/arm-none-eabi/7.1.0/../../../../arm-none-eabi/lib/thumb/libg.a(lib_a-svfiprintf.o)
 .comment       0x0000000000000044       0x23 /home/techdude/devkitPro/devkitARM/bin/../lib/gcc/arm-none-eabi/7.1.0/../../../../arm-none-eabi/lib/thumb/libg.a(lib_a-wcsnrtombs.o)
 .comment       0x0000000000000044       0x23 /home/techdude/devkitPro/devkitARM/bin/../lib/gcc/arm-none-eabi/7.1.0/../../../../arm-none-eabi/lib/thumb/libg.a(lib_a-wctomb_r.o)
 .comment       0x0000000000000044       0x23 /home/techdude/devkitPro/devkitARM/bin/../lib/gcc/arm-none-eabi/7.1.0/../../../../arm-none-eabi/lib/thumb/libg.a(lib_a-ctype_.o)
 .comment       0x0000000000000044       0x23 /home/techdude/devkitPro/devkitARM/bin/../lib/gcc/arm-none-eabi/7.1.0/../../../../arm-none-eabi/lib/thumb/libg.a(lib_a-fclose.o)
 .comment       0x0000000000000044       0x23 /home/techdude/devkitPro/devkitARM/bin/../lib/gcc/arm-none-eabi/7.1.0/../../../../arm-none-eabi/lib/thumb/libsysbase.a(iosupport.o)
 .comment       0x0000000000000044       0x23 /home/techdude/devkitPro/devkitARM/bin/../lib/gcc/arm-none-eabi/7.1.0/../../../../arm-none-eabi/lib/thumb/libsysbase.a(close.o)
 .comment       0x0000000000000044       0x23 /home/techdude/devkitPro/devkitARM/bin/../lib/gcc/arm-none-eabi/7.1.0/../../../../arm-none-eabi/lib/thumb/libsysbase.a(fstat.o)
 .comment       0x0000000000000044       0x23 /home/techdude/devkitPro/devkitARM/bin/../lib/gcc/arm-none-eabi/7.1.0/../../../../arm-none-eabi/lib/thumb/libsysbase.a(isatty.o)
 .comment       0x0000000000000044       0x23 /home/techdude/devkitPro/devkitARM/bin/../lib/gcc/arm-none-eabi/7.1.0/../../../../arm-none-eabi/lib/thumb/libsysbase.a(lseek.o)
 .comment       0x0000000000000044       0x23 /home/techdude/devkitPro/devkitARM/bin/../lib/gcc/arm-none-eabi/7.1.0/../../../../arm-none-eabi/lib/thumb/libsysbase.a(read.o)
 .comment       0x0000000000000044       0x23 /home/techdude/devkitPro/devkitARM/bin/../lib/gcc/arm-none-eabi/7.1.0/../../../../arm-none-eabi/lib/thumb/libsysbase.a(sbrk.o)
 .comment       0x0000000000000044       0x23 /home/techdude/devkitPro/devkitARM/bin/../lib/gcc/arm-none-eabi/7.1.0/../../../../arm-none-eabi/lib/thumb/libsysbase.a(write.o)
 .comment       0x0000000000000044       0x23 /home/techdude/devkitPro/devkitARM/bin/../lib/gcc/arm-none-eabi/7.1.0/../../../../arm-none-eabi/lib/thumb/libsysbase.a(malloc_vars.o)
 .comment       0x0000000000000044       0x23 /home/techdude/devkitPro/devkitARM/bin/../lib/gcc/arm-none-eabi/7.1.0/../../../../arm-none-eabi/lib/thumb/libsysbase.a(build_argv.o)
 .comment       0x0000000000000044       0x23 /home/techdude/devkitPro/devkitARM/bin/../lib/gcc/arm-none-eabi/7.1.0/../../../../arm-none-eabi/lib/thumb/libsysbase.a(flock.o)
 .comment       0x0000000000000044       0x23 /home/techdude/devkitPro/devkitARM/bin/../lib/gcc/arm-none-eabi/7.1.0/../../../../arm-none-eabi/lib/thumb/libsysbase.a(syscall_support.o)
 .comment       0x0000000000000044       0x23 /home/techdude/devkitPro/devkitARM/bin/../lib/gcc/arm-none-eabi/7.1.0/../../../../arm-none-eabi/lib/thumb/libsysbase.a(handle_manager.o)
 .comment       0x0000000000000044       0x23 /home/techdude/devkitPro/devkitARM/bin/../lib/gcc/arm-none-eabi/7.1.0/../../../../arm-none-eabi/lib/thumb/libsysbase.a(getreent.o)
 .comment       0x0000000000000044       0x23 /home/techdude/devkitPro/devkitARM/bin/../lib/gcc/arm-none-eabi/7.1.0/thumb/libgcc.a(_muldi3.o)
 .comment       0x0000000000000044       0x23 /home/techdude/devkitPro/devkitARM/bin/../lib/gcc/arm-none-eabi/7.1.0/thumb/libgcc.a(_udivmoddi4.o)
 .comment       0x0000000000000044       0x23 /home/techdude/devkitPro/devkitARM/bin/../lib/gcc/arm-none-eabi/7.1.0/thumb/crtend.o

.ARM.attributes
                0x0000000000000000       0x2d
 .ARM.attributes
                0x0000000000000000       0x21 /home/techdude/devkitPro/devkitARM/bin/../lib/gcc/arm-none-eabi/7.1.0/../../../../arm-none-eabi/lib/thumb/ds_arm9_crt0.o
 .ARM.attributes
                0x0000000000000021       0x16 /home/techdude/devkitPro/devkitARM/bin/../lib/gcc/arm-none-eabi/7.1.0/thumb/crti.o
 .ARM.attributes
                0x0000000000000037       0x30 /home/techdude/devkitPro/devkitARM/bin/../lib/gcc/arm-none-eabi/7.1.0/thumb/crtbegin.o
 .ARM.attributes
                0x0000000000000067       0x14 gb.o
 .ARM.attributes
                0x000000000000007b       0x14 logo.o
 .ARM.attributes
                0x000000000000008f       0x27 main.o
 .ARM.attributes
                0x00000000000000b6       0x2b /home/techdude/devkitPro/libnds/lib/libnds9.a(keys.o)
 .ARM.attributes
                0x00000000000000e1       0x2b /home/techdude/devkitPro/libnds/lib/libnds9.a(console.o)
 .ARM.attributes
                0x000000000000010c       0x2b /home/techdude/devkitPro/libnds/lib/libnds9.a(system.o)
 .ARM.attributes
                0x0000000000000137       0x2b /home/techdude/devkitPro/libnds/lib/libnds9.a(video.o)
 .ARM.attributes
                0x0000000000000162       0x2b /home/techdude/devkitPro/libnds/lib/libnds9.a(background.o)
 .ARM.attributes
                0x000000000000018d       0x2b /home/techdude/devkitPro/libnds/lib/libnds9.a(securearea.o)
 .ARM.attributes
                0x00000000000001b8       0x2b /home/techdude/devkitPro/libnds/lib/libnds9.a(initSystem.o)
 .ARM.attributes
                0x00000000000001e3       0x2b /home/techdude/devkitPro/libnds/lib/libnds9.a(fifosystem.o)
 .ARM.attributes
                0x000000000000020e       0x2b /home/techdude/devkitPro/libnds/lib/libnds9.a(libnds_exit.arm.o)
 .ARM.attributes
                0x0000000000000239       0x2b /home/techdude/devkitPro/libnds/lib/libnds9.a(interrupts.o)
 .ARM.attributes
                0x0000000000000264       0x21 /home/techdude/devkitPro/libnds/lib/libnds9.a(cpu_clock.o)
 .ARM.attributes
                0x0000000000000285       0x21 /home/techdude/devkitPro/libnds/lib/libnds9.a(IntrWait.o)
 .ARM.attributes
                0x00000000000002a6       0x21 /home/techdude/devkitPro/libnds/lib/libnds9.a(mpu_setup.o)
 .ARM.attributes
                0x00000000000002c7       0x21 /home/techdude/devkitPro/libnds/lib/libnds9.a(swiSoftReset.o)
 .ARM.attributes
                0x00000000000002e8       0x1b /home/techdude/devkitPro/libnds/lib/libnds9.a(biosCalls.o)
 .ARM.attributes
                0x0000000000000303       0x1b /home/techdude/devkitPro/libnds/lib/libnds9.a(interruptDispatcher.o)
 .ARM.attributes
                0x000000000000031e       0x14 /home/techdude/devkitPro/libnds/lib/libnds9.a(default_font.bin.o)
 .ARM.attributes
                0x0000000000000332       0x2b /home/techdude/devkitPro/libnds/lib/libnds9.a(trig.o)
 .ARM.attributes
                0x000000000000035d       0x2b /home/techdude/devkitPro/libnds/lib/libnds9.a(timeSupport.o)
 .ARM.attributes
                0x0000000000000388       0x18 /home/techdude/devkitPro/devkitARM/bin/../lib/gcc/arm-none-eabi/7.1.0/thumb/libgcc.a(_divsi3.o)
 .ARM.attributes
                0x00000000000003a0       0x16 /home/techdude/devkitPro/devkitARM/bin/../lib/gcc/arm-none-eabi/7.1.0/thumb/libgcc.a(_dvmd_tls.o)
 .ARM.attributes
                0x00000000000003b6       0x30 /home/techdude/devkitPro/devkitARM/bin/../lib/gcc/arm-none-eabi/7.1.0/../../../../arm-none-eabi/lib/thumb/libg.a(lib_a-init.o)
 .ARM.attributes
                0x00000000000003e6       0x30 /home/techdude/devkitPro/devkitARM/bin/../lib/gcc/arm-none-eabi/7.1.0/../../../../arm-none-eabi/lib/thumb/libg.a(lib_a-iprintf.o)
 .ARM.attributes
                0x0000000000000416       0x30 /home/techdude/devkitPro/devkitARM/bin/../lib/gcc/arm-none-eabi/7.1.0/../../../../arm-none-eabi/lib/thumb/libg.a(lib_a-memcpy-stub.o)
 .ARM.attributes
                0x0000000000000446       0x30 /home/techdude/devkitPro/devkitARM/bin/../lib/gcc/arm-none-eabi/7.1.0/../../../../arm-none-eabi/lib/thumb/libg.a(lib_a-memset.o)
 .ARM.attributes
                0x0000000000000476       0x30 /home/techdude/devkitPro/devkitARM/bin/../lib/gcc/arm-none-eabi/7.1.0/../../../../arm-none-eabi/lib/thumb/libg.a(lib_a-setvbuf.o)
 .ARM.attributes
                0x00000000000004a6       0x30 /home/techdude/devkitPro/devkitARM/bin/../lib/gcc/arm-none-eabi/7.1.0/../../../../arm-none-eabi/lib/thumb/libg.a(lib_a-siscanf.o)
 .ARM.attributes
                0x00000000000004d6       0x30 /home/techdude/devkitPro/devkitARM/bin/../lib/gcc/arm-none-eabi/7.1.0/../../../../arm-none-eabi/lib/thumb/libg.a(lib_a-stdio.o)
 .ARM.attributes
                0x0000000000000506       0x30 /home/techdude/devkitPro/devkitARM/bin/../lib/gcc/arm-none-eabi/7.1.0/../../../../arm-none-eabi/lib/thumb/libg.a(lib_a-strlen-stub.o)
 .ARM.attributes
                0x0000000000000536       0x30 /home/techdude/devkitPro/devkitARM/bin/../lib/gcc/arm-none-eabi/7.1.0/../../../../arm-none-eabi/lib/thumb/libg.a(lib_a-svfiscanf.o)
 .ARM.attributes
                0x0000000000000566       0x30 /home/techdude/devkitPro/devkitARM/bin/../lib/gcc/arm-none-eabi/7.1.0/../../../../arm-none-eabi/lib/thumb/libg.a(lib_a-ungetc.o)
 .ARM.attributes
                0x0000000000000596       0x30 /home/techdude/devkitPro/devkitARM/bin/../lib/gcc/arm-none-eabi/7.1.0/../../../../arm-none-eabi/lib/thumb/libg.a(lib_a-vfiprintf.o)
 .ARM.attributes
                0x00000000000005c6       0x30 /home/techdude/devkitPro/devkitARM/bin/../lib/gcc/arm-none-eabi/7.1.0/../../../../arm-none-eabi/lib/thumb/libg.a(lib_a-wcrtomb.o)
 .ARM.attributes
                0x00000000000005f6       0x30 /home/techdude/devkitPro/devkitARM/bin/../lib/gcc/arm-none-eabi/7.1.0/../../../../arm-none-eabi/lib/thumb/libg.a(lib_a-wcsrtombs.o)
 .ARM.attributes
                0x0000000000000626       0x30 /home/techdude/devkitPro/devkitARM/bin/../lib/gcc/arm-none-eabi/7.1.0/../../../../arm-none-eabi/lib/thumb/libg.a(lib_a-wsetup.o)
 .ARM.attributes
                0x0000000000000656       0x30 /home/techdude/devkitPro/devkitARM/bin/../lib/gcc/arm-none-eabi/7.1.0/../../../../arm-none-eabi/lib/thumb/libg.a(lib_a-fflush.o)
 .ARM.attributes
                0x0000000000000686       0x30 /home/techdude/devkitPro/devkitARM/bin/../lib/gcc/arm-none-eabi/7.1.0/../../../../arm-none-eabi/lib/thumb/libg.a(lib_a-findfp.o)
 .ARM.attributes
                0x00000000000006b6       0x30 /home/techdude/devkitPro/devkitARM/bin/../lib/gcc/arm-none-eabi/7.1.0/../../../../arm-none-eabi/lib/thumb/libg.a(lib_a-freer.o)
 .ARM.attributes
                0x00000000000006e6       0x30 /home/techdude/devkitPro/devkitARM/bin/../lib/gcc/arm-none-eabi/7.1.0/../../../../arm-none-eabi/lib/thumb/libg.a(lib_a-fvwrite.o)
 .ARM.attributes
                0x0000000000000716       0x30 /home/techdude/devkitPro/devkitARM/bin/../lib/gcc/arm-none-eabi/7.1.0/../../../../arm-none-eabi/lib/thumb/libg.a(lib_a-fwalk.o)
 .ARM.attributes
                0x0000000000000746       0x30 /home/techdude/devkitPro/devkitARM/bin/../lib/gcc/arm-none-eabi/7.1.0/../../../../arm-none-eabi/lib/thumb/libg.a(lib_a-impure.o)
 .ARM.attributes
                0x0000000000000776       0x30 /home/techdude/devkitPro/devkitARM/bin/../lib/gcc/arm-none-eabi/7.1.0/../../../../arm-none-eabi/lib/thumb/libg.a(lib_a-iswspace.o)
 .ARM.attributes
                0x00000000000007a6       0x30 /home/techdude/devkitPro/devkitARM/bin/../lib/gcc/arm-none-eabi/7.1.0/../../../../arm-none-eabi/lib/thumb/libg.a(lib_a-jp2uc.o)
 .ARM.attributes
                0x00000000000007d6       0x30 /home/techdude/devkitPro/devkitARM/bin/../lib/gcc/arm-none-eabi/7.1.0/../../../../arm-none-eabi/lib/thumb/libg.a(lib_a-localeconv.o)
 .ARM.attributes
                0x0000000000000806       0x30 /home/techdude/devkitPro/devkitARM/bin/../lib/gcc/arm-none-eabi/7.1.0/../../../../arm-none-eabi/lib/thumb/libg.a(lib_a-locale.o)
 .ARM.attributes
                0x0000000000000836       0x30 /home/techdude/devkitPro/devkitARM/bin/../lib/gcc/arm-none-eabi/7.1.0/../../../../arm-none-eabi/lib/thumb/libg.a(lib_a-makebuf.o)
 .ARM.attributes
                0x0000000000000866       0x30 /home/techdude/devkitPro/devkitARM/bin/../lib/gcc/arm-none-eabi/7.1.0/../../../../arm-none-eabi/lib/thumb/libg.a(lib_a-malloc.o)
 .ARM.attributes
                0x0000000000000896       0x30 /home/techdude/devkitPro/devkitARM/bin/../lib/gcc/arm-none-eabi/7.1.0/../../../../arm-none-eabi/lib/thumb/libg.a(lib_a-mallocr.o)
 .ARM.attributes
                0x00000000000008c6       0x30 /home/techdude/devkitPro/devkitARM/bin/../lib/gcc/arm-none-eabi/7.1.0/../../../../arm-none-eabi/lib/thumb/libg.a(lib_a-mbrtowc.o)
 .ARM.attributes
                0x00000000000008f6       0x30 /home/techdude/devkitPro/devkitARM/bin/../lib/gcc/arm-none-eabi/7.1.0/../../../../arm-none-eabi/lib/thumb/libg.a(lib_a-mbtowc_r.o)
 .ARM.attributes
                0x0000000000000926       0x30 /home/techdude/devkitPro/devkitARM/bin/../lib/gcc/arm-none-eabi/7.1.0/../../../../arm-none-eabi/lib/thumb/libg.a(lib_a-memchr-stub.o)
 .ARM.attributes
                0x0000000000000956       0x30 /home/techdude/devkitPro/devkitARM/bin/../lib/gcc/arm-none-eabi/7.1.0/../../../../arm-none-eabi/lib/thumb/libg.a(lib_a-memmove.o)
 .ARM.attributes
                0x0000000000000986       0x30 /home/techdude/devkitPro/devkitARM/bin/../lib/gcc/arm-none-eabi/7.1.0/../../../../arm-none-eabi/lib/thumb/libg.a(lib_a-mlock.o)
 .ARM.attributes
                0x00000000000009b6       0x30 /home/techdude/devkitPro/devkitARM/bin/../lib/gcc/arm-none-eabi/7.1.0/../../../../arm-none-eabi/lib/thumb/libg.a(lib_a-reallocr.o)
 .ARM.attributes
                0x00000000000009e6       0x30 /home/techdude/devkitPro/devkitARM/bin/../lib/gcc/arm-none-eabi/7.1.0/../../../../arm-none-eabi/lib/thumb/libg.a(lib_a-sccl.o)
 .ARM.attributes
                0x0000000000000a16       0x16 /home/techdude/devkitPro/devkitARM/bin/../lib/gcc/arm-none-eabi/7.1.0/../../../../arm-none-eabi/lib/thumb/libg.a(lib_a-strcmp.o)
 .ARM.attributes
                0x0000000000000a2c       0x30 /home/techdude/devkitPro/devkitARM/bin/../lib/gcc/arm-none-eabi/7.1.0/../../../../arm-none-eabi/lib/thumb/libg.a(lib_a-strncpy.o)
 .ARM.attributes
                0x0000000000000a5c       0x30 /home/techdude/devkitPro/devkitARM/bin/../lib/gcc/arm-none-eabi/7.1.0/../../../../arm-none-eabi/lib/thumb/libg.a(lib_a-strtoll.o)
 .ARM.attributes
                0x0000000000000a8c       0x30 /home/techdude/devkitPro/devkitARM/bin/../lib/gcc/arm-none-eabi/7.1.0/../../../../arm-none-eabi/lib/thumb/libg.a(lib_a-strtol.o)
 .ARM.attributes
                0x0000000000000abc       0x30 /home/techdude/devkitPro/devkitARM/bin/../lib/gcc/arm-none-eabi/7.1.0/../../../../arm-none-eabi/lib/thumb/libg.a(lib_a-strtoull.o)
 .ARM.attributes
                0x0000000000000aec       0x30 /home/techdude/devkitPro/devkitARM/bin/../lib/gcc/arm-none-eabi/7.1.0/../../../../arm-none-eabi/lib/thumb/libg.a(lib_a-strtoul.o)
 .ARM.attributes
                0x0000000000000b1c       0x30 /home/techdude/devkitPro/devkitARM/bin/../lib/gcc/arm-none-eabi/7.1.0/../../../../arm-none-eabi/lib/thumb/libg.a(lib_a-svfiprintf.o)
 .ARM.attributes
                0x0000000000000b4c       0x30 /home/techdude/devkitPro/devkitARM/bin/../lib/gcc/arm-none-eabi/7.1.0/../../../../arm-none-eabi/lib/thumb/libg.a(lib_a-wcsnrtombs.o)
 .ARM.attributes
                0x0000000000000b7c       0x30 /home/techdude/devkitPro/devkitARM/bin/../lib/gcc/arm-none-eabi/7.1.0/../../../../arm-none-eabi/lib/thumb/libg.a(lib_a-wctomb_r.o)
 .ARM.attributes
                0x0000000000000bac       0x30 /home/techdude/devkitPro/devkitARM/bin/../lib/gcc/arm-none-eabi/7.1.0/../../../../arm-none-eabi/lib/thumb/libg.a(lib_a-ctype_.o)
 .ARM.attributes
                0x0000000000000bdc       0x30 /home/techdude/devkitPro/devkitARM/bin/../lib/gcc/arm-none-eabi/7.1.0/../../../../arm-none-eabi/lib/thumb/libg.a(lib_a-fclose.o)
 .ARM.attributes
                0x0000000000000c0c       0x30 /home/techdude/devkitPro/devkitARM/bin/../lib/gcc/arm-none-eabi/7.1.0/../../../../arm-none-eabi/lib/thumb/libsysbase.a(iosupport.o)
 .ARM.attributes
                0x0000000000000c3c       0x30 /home/techdude/devkitPro/devkitARM/bin/../lib/gcc/arm-none-eabi/7.1.0/../../../../arm-none-eabi/lib/thumb/libsysbase.a(close.o)
 .ARM.attributes
                0x0000000000000c6c       0x30 /home/techdude/devkitPro/devkitARM/bin/../lib/gcc/arm-none-eabi/7.1.0/../../../../arm-none-eabi/lib/thumb/libsysbase.a(fstat.o)
 .ARM.attributes
                0x0000000000000c9c       0x30 /home/techdude/devkitPro/devkitARM/bin/../lib/gcc/arm-none-eabi/7.1.0/../../../../arm-none-eabi/lib/thumb/libsysbase.a(isatty.o)
 .ARM.attributes
                0x0000000000000ccc       0x30 /home/techdude/devkitPro/devkitARM/bin/../lib/gcc/arm-none-eabi/7.1.0/../../../../arm-none-eabi/lib/thumb/libsysbase.a(lseek.o)
 .ARM.attributes
                0x0000000000000cfc       0x30 /home/techdude/devkitPro/devkitARM/bin/../lib/gcc/arm-none-eabi/7.1.0/../../../../arm-none-eabi/lib/thumb/libsysbase.a(read.o)
 .ARM.attributes
                0x0000000000000d2c       0x30 /home/techdude/devkitPro/devkitARM/bin/../lib/gcc/arm-none-eabi/7.1.0/../../../../arm-none-eabi/lib/thumb/libsysbase.a(sbrk.o)
 .ARM.attributes
                0x0000000000000d5c       0x30 /home/techdude/devkitPro/devkitARM/bin/../lib/gcc/arm-none-eabi/7.1.0/../../../../arm-none-eabi/lib/thumb/libsysbase.a(write.o)
 .ARM.attributes
                0x0000000000000d8c       0x30 /home/techdude/devkitPro/devkitARM/bin/../lib/gcc/arm-none-eabi/7.1.0/../../../../arm-none-eabi/lib/thumb/libsysbase.a(malloc_vars.o)
 .ARM.attributes
                0x0000000000000dbc       0x30 /home/techdude/devkitPro/devkitARM/bin/../lib/gcc/arm-none-eabi/7.1.0/../../../../arm-none-eabi/lib/thumb/libsysbase.a(build_argv.o)
 .ARM.attributes
                0x0000000000000dec       0x30 /home/techdude/devkitPro/devkitARM/bin/../lib/gcc/arm-none-eabi/7.1.0/../../../../arm-none-eabi/lib/thumb/libsysbase.a(flock.o)
 .ARM.attributes
                0x0000000000000e1c       0x30 /home/techdude/devkitPro/devkitARM/bin/../lib/gcc/arm-none-eabi/7.1.0/../../../../arm-none-eabi/lib/thumb/libsysbase.a(syscall_support.o)
 .ARM.attributes
                0x0000000000000e4c       0x30 /home/techdude/devkitPro/devkitARM/bin/../lib/gcc/arm-none-eabi/7.1.0/../../../../arm-none-eabi/lib/thumb/libsysbase.a(handle_manager.o)
 .ARM.attributes
                0x0000000000000e7c       0x30 /home/techdude/devkitPro/devkitARM/bin/../lib/gcc/arm-none-eabi/7.1.0/../../../../arm-none-eabi/lib/thumb/libsysbase.a(getreent.o)
 .ARM.attributes
                0x0000000000000eac       0x18 /home/techdude/devkitPro/devkitARM/bin/../lib/gcc/arm-none-eabi/7.1.0/thumb/libgcc.a(_udivsi3.o)
 .ARM.attributes
                0x0000000000000ec4       0x18 /home/techdude/devkitPro/devkitARM/bin/../lib/gcc/arm-none-eabi/7.1.0/thumb/libgcc.a(_aeabi_uldivmod.o)
 .ARM.attributes
                0x0000000000000edc       0x30 /home/techdude/devkitPro/devkitARM/bin/../lib/gcc/arm-none-eabi/7.1.0/thumb/libgcc.a(_muldi3.o)
 .ARM.attributes
                0x0000000000000f0c       0x30 /home/techdude/devkitPro/devkitARM/bin/../lib/gcc/arm-none-eabi/7.1.0/thumb/libgcc.a(_udivmoddi4.o)
 .ARM.attributes
                0x0000000000000f3c       0x18 /home/techdude/devkitPro/devkitARM/bin/../lib/gcc/arm-none-eabi/7.1.0/thumb/libgcc.a(_clzdi2.o)
 .ARM.attributes
                0x0000000000000f54       0x18 /home/techdude/devkitPro/devkitARM/bin/../lib/gcc/arm-none-eabi/7.1.0/thumb/libgcc.a(_clzsi2.o)
 .ARM.attributes
                0x0000000000000f6c       0x30 /home/techdude/devkitPro/devkitARM/bin/../lib/gcc/arm-none-eabi/7.1.0/thumb/crtend.o
 .ARM.attributes
                0x0000000000000f9c       0x16 /home/techdude/devkitPro/devkitARM/bin/../lib/gcc/arm-none-eabi/7.1.0/thumb/crtn.o

.debug
 *(.debug)

.line
 *(.line)

.debug_srcinfo
 *(.debug_srcinfo)

.debug_sfnames
 *(.debug_sfnames)

.debug_aranges  0x0000000000000000      0x570
 *(.debug_aranges)
 .debug_aranges
                0x0000000000000000       0x28 main.o
 .debug_aranges
                0x0000000000000028       0x50 /home/techdude/devkitPro/libnds/lib/libnds9.a(keys.o)
 .debug_aranges
                0x0000000000000078       0x88 /home/techdude/devkitPro/libnds/lib/libnds9.a(console.o)
 .debug_aranges
                0x0000000000000100       0x68 /home/techdude/devkitPro/libnds/lib/libnds9.a(system.o)
 .debug_aranges
                0x0000000000000168       0x48 /home/techdude/devkitPro/libnds/lib/libnds9.a(video.o)
 .debug_aranges
                0x00000000000001b0       0x48 /home/techdude/devkitPro/libnds/lib/libnds9.a(background.o)
 .debug_aranges
                0x00000000000001f8       0x18 /home/techdude/devkitPro/libnds/lib/libnds9.a(securearea.o)
 .debug_aranges
                0x0000000000000210       0x20 /home/techdude/devkitPro/libnds/lib/libnds9.a(initSystem.o)
 .debug_aranges
                0x0000000000000230       0xc8 /home/techdude/devkitPro/libnds/lib/libnds9.a(fifosystem.o)
 .debug_aranges
                0x00000000000002f8       0x28 /home/techdude/devkitPro/libnds/lib/libnds9.a(libnds_exit.arm.o)
 .debug_aranges
                0x0000000000000320       0x50 /home/techdude/devkitPro/libnds/lib/libnds9.a(interrupts.o)
 .debug_aranges
                0x0000000000000370       0x20 /home/techdude/devkitPro/libnds/lib/libnds9.a(cpu_clock.o)
 .debug_aranges
                0x0000000000000390       0x28 /home/techdude/devkitPro/libnds/lib/libnds9.a(IntrWait.o)
 .debug_aranges
                0x00000000000003b8       0x30 /home/techdude/devkitPro/libnds/lib/libnds9.a(mpu_setup.o)
 .debug_aranges
                0x00000000000003e8       0x20 /home/techdude/devkitPro/libnds/lib/libnds9.a(swiSoftReset.o)
 .debug_aranges
                0x0000000000000408       0xc8 /home/techdude/devkitPro/libnds/lib/libnds9.a(biosCalls.o)
 .debug_aranges
                0x00000000000004d0       0x20 /home/techdude/devkitPro/libnds/lib/libnds9.a(interruptDispatcher.o)
 .debug_aranges
                0x00000000000004f0       0x60 /home/techdude/devkitPro/libnds/lib/libnds9.a(trig.o)
 .debug_aranges
                0x0000000000000550       0x20 /home/techdude/devkitPro/libnds/lib/libnds9.a(timeSupport.o)

.debug_pubnames
 *(.debug_pubnames)

.debug_info     0x0000000000000000     0xeb93
 *(.debug_info)
 .debug_info    0x0000000000000000     0x24f0 main.o
 .debug_info    0x00000000000024f0      0xd35 /home/techdude/devkitPro/libnds/lib/libnds9.a(keys.o)
 .debug_info    0x0000000000003225     0x253a /home/techdude/devkitPro/libnds/lib/libnds9.a(console.o)
 .debug_info    0x000000000000575f     0x1326 /home/techdude/devkitPro/libnds/lib/libnds9.a(system.o)
 .debug_info    0x0000000000006a85      0x724 /home/techdude/devkitPro/libnds/lib/libnds9.a(video.o)
 .debug_info    0x00000000000071a9     0x1269 /home/techdude/devkitPro/libnds/lib/libnds9.a(background.o)
 .debug_info    0x0000000000008412       0x58 /home/techdude/devkitPro/libnds/lib/libnds9.a(securearea.o)
 .debug_info    0x000000000000846a     0x1c23 /home/techdude/devkitPro/libnds/lib/libnds9.a(initSystem.o)
 .debug_info    0x000000000000a08d     0x1f7b /home/techdude/devkitPro/libnds/lib/libnds9.a(fifosystem.o)
 .debug_info    0x000000000000c008      0xc50 /home/techdude/devkitPro/libnds/lib/libnds9.a(libnds_exit.arm.o)
 .debug_info    0x000000000000cc58      0x66d /home/techdude/devkitPro/libnds/lib/libnds9.a(interrupts.o)
 .debug_info    0x000000000000d2c5       0x26 /home/techdude/devkitPro/libnds/lib/libnds9.a(cpu_clock.o)
 .debug_info    0x000000000000d2eb       0x22 /home/techdude/devkitPro/libnds/lib/libnds9.a(IntrWait.o)
 .debug_info    0x000000000000d30d       0x22 /home/techdude/devkitPro/libnds/lib/libnds9.a(mpu_setup.o)
 .debug_info    0x000000000000d32f       0x26 /home/techdude/devkitPro/libnds/lib/libnds9.a(swiSoftReset.o)
 .debug_info    0x000000000000d355       0x22 /home/techdude/devkitPro/libnds/lib/libnds9.a(biosCalls.o)
 .debug_info    0x000000000000d377       0x26 /home/techdude/devkitPro/libnds/lib/libnds9.a(interruptDispatcher.o)
 .debug_info    0x000000000000d39d      0xdeb /home/techdude/devkitPro/libnds/lib/libnds9.a(trig.o)
 .debug_info    0x000000000000e188      0xa0b /home/techdude/devkitPro/libnds/lib/libnds9.a(timeSupport.o)

.debug_abbrev   0x0000000000000000     0x2948
 *(.debug_abbrev)
 .debug_abbrev  0x0000000000000000      0x500 main.o
 .debug_abbrev  0x0000000000000500      0x286 /home/techdude/devkitPro/libnds/lib/libnds9.a(keys.o)